S01700006275696C642F697269732F6D61696E2E7372656343
S11300000C9469000C9488000C9488000C9488006B
S11300100C9488000C9488000C9488000C9488003C
S11300200C9488000C9488000C9488000C9488002C
S11300300C9488000C94A1070C9488000C94670617
S11300400C9488000C9488000C9488000C9488000C
S11300500C9488000C9488000C9488000C948800FC
S11300600C9488000C947E060C9488000C94CE06A4
S11300700C9488000C9488000C9488000C94550708
S11300800C9434070C943F070C944A070C946807AB
S11300900C9417070C9488000C9429070C9488007E
S11300A00C9488000C9488000C9488000C948800AC
S11300B00C9488000C9488000C9488000C9488009C
S11300C00C9488000C9488000C94880000020E069E
S11300D00C0411241FBECFEFD1E2DEBFCDBF12E06E
S11300E0A0E0B2E0E4E8FAE100E00BBF02C0079050
S11300F00D92A632B107D9F718E0A6E2B2E001C02A
S11301001D92A034B107E1F70E9468080C94410DD8
S11301100C940000FC0120E030E007C08281938150
S1130120280F391F0480F581E02D3097B9F7C901F4
S11301300895FB0151834083338322839583848311
S11301400895CF92DF92EF92FF920F931F93CF9374
S1130150DF938C01FB017A01690105C0E81BF90BEF
S1130160E8010C811D81E8018A819B81E817F90768
S1130170A8F71CC0E8018A819B818E1B9F0BE701B5
S11301808E159F0508F4EC01D8018D919C91AE0168
S1130190B6018E0F9F1F0E94520ACC0EDD1EEC1A70
S11301A0FD0AE8010C811D81E0E0F0E00115110574
S11301B019F01E141F04F4F280E090E0DF91CF9157
S11301C01F910F91FF90EF90DF90CF9008954F9281
S11301D05F926F927F928F929F92AF92BF92CF92D3
S11301E0DF92EF92FF920F931F93CF93DF938C01D3
S11301F04B015A013901CC24DD2404C06C01F801FF
S1130200048115810115110519F44424552436C0BF
S1130210F801828193818C0D9D1D8816990670F7D3
S11302204424552428C07401EC18FD08F801828187
S113023093818E199F09E5018A159B0508F4EC0149
S1130240F801608171816E0D7F1DAE01C3010E94B2
S1130250520A4C0E5D1EF801048115810115110529
S113026069F0CE0CDF1CCC0EDD1E8C0E9D1EAC1A6C
S1130270BD0A6C0E7D1E1A141B04ACF2C201DF9180
S1130280CF911F910F91FF90EF90DF90CF90BF908F
S1130290AF909F908F907F906F905F904F90089554
S11302A0EF92FF920F931F93CF93DF93FC0120E013
S11302B030E040E050E0A0E0B0E02EC06281738105
S11302C06115710531F1C081D18100E010E01EC0DB
S11302D0888100FD0BC09927982F8827A82BB92B5C
S11302E0C80101968617970771F403C09927A82BB4
S11302F0B92B7D01C701AA27BB27280F391F4A1F25
S11303005B1FA0E0B0E00F5F1F4F21960617170791
S1130310F9F60480F581E02D309781F60BC0DA01FF
S1130320C901A070B0709A0144275527280F391FBE
S11303304A1F5B1F203080E0380781E0480780E0D7
S1130340580768F7C90180959095DF91CF911F9167
S11303500F91FF90EF900895EF92FF920F931F93E8
S1130360CF93DF93CDB7DEB76A970FB6F894DEBFAD
S11303700FBECDBFE42E08969A87898740E150E0EE
S11303805C874B879E01215F3F4F3E872D874096B8
S1130390988B8F875A8B498BCE0145969C8B8B8B80
S11303A0CE0101969E8B8D8B88E090E0988F8F8B89
S11303B07A8F698FCB010E948A00AA2797FDA095A6
S11303C0BA2FBC01CD010E94530369837A838B83C6
S11303D09C83FF2400271127C801B7010E945303FF
S11303E06D837E838F839887CE0109960E94500186
S11303F06A960FB6F894DEBF0FBECDBFDF91CF91E2
S11304001F910F91FF90EF9008958CED95E09093DC
S11304102702809326020895A6E2B2E004969C0186
S113042021703070280F391F02C0A40FB51F8D91A1
S11304309C911197AC015F704217530710F097FF1E
S113044006C0CD01865292408C5D954074F388E0DD
S1130450A230B80718F080E090E00895C90102972F
S11304609C013F70306811963C932E93FD01E80F78
S1130470F91F481B590B5F7051834083CD010296CD
S11304800895CF93DF939C01E6E2F2E0C0E0D0E070
S113049006C0808191819F70EF01E80FF91FCF01A1
S11304A002968217930739F0CF01865292408C5DF1
S11304B095407CF327C0808191819C013F70DF01CE
S11304C0A20FB31F9F7791838083CD018652924000
S11304D08C5D95404CF48D919C9197FD05C09F7067
S11304E0280F391F31832083209761F028813981B7
S11304F037FD08C03F70808191819F70280F391F9C
S113050039832883DF91CF910895E6E2F2E040E059
S113051050E00BC02081318137FD04C0C9019F70B8
S1130520480F591F3F70E20FF31FCF0186529240CC
S11305308C5D95407CF3CA0108956F927F928F92EF
S11305409F92AF92BF92CF92DF92EF92FF920F935E
S11305501F93CF93DF93FB015A018B01040F151FE7
S1130560DC01CC24DD2440E050E07AE398EF692EEE
S11305709FEF792E600E711E6E167F0608F460C020
S1130580ED01E980FC9024E030E08FEF882E982E76
S1130590CCE0D0E0C401022E02C0969587950A945F
S11305A0E2F78E159F0530F042305105B1F4203149
S11305B0310599F4C7010C2E02C0969587950A94CB
S11305C0E2F7682F6F708F7090700A9718F4862F77
S11305D0805D02C0862F895A81932C5F3F4F2497F8
S11305E024313105B9F68D919C911197892B21F510
S11305F04115510559F471938D919C911197892B53
S113060019F441E050E002C042E050E087E0C8162F
S1130610D10424F44130510509F071930894C11CAC
S1130620D11C129688E0C816D10409F0A5CF413038
S1130630510531F4719304C04130510539F7E4CFC9
S113064011920A191B09CF01801B910BDF91CF91E5
S11306501F910F91FF90EF90DF90CF90BF90AF90DC
S11306609F908F907F906F900895DC018C918370A0
S1130670823021F4FD012181328113C0833019F0CD
S113068020E030E00EC0FD01319620E030E0AD0105
S1130690475F5F4F81919191280F391FE417F50748
S11306A0C9F7C9010895EF92FF920F931F93FB01BD
S11306B0BC01882799272F2F3E2F44275527A901AE
S11306C033272227E72EF62E002711272E293F292C
S11306D0402B512BCA01B9011F910F91FF90EF904C
S11306E008959C01DB01FC0104C08D91819341506C
S11306F0504041155105C9F7C90108958F929F9241
S1130700AF92BF92CF92DF92EF92FF920F931F931B
S1130710CF93DF936C014B01892B09F4A3C06115BE
S1130720710509F49FC080E1EB0119928A95E9F7FC
S1130730D60160E070E090E046C02A3301F1822FD8
S113074080538A3030F4332727FD309520533040CE
S11307500EC0422F552747FD50952154263020F4D2
S11307609A012753304003C09A012755304044E092
S1130770660F771F4A95E1F7622B732B0DC0E92FA3
S1130780FF27EE0FFF1FE80DF91D072F162F11830A
S113079000839F5F60E070E0FD013196ED012981E7
S11307A0222359F4E92FFF27EE0FFF1FE80DF91D4F
S11307B0E72EF62EF182E08255C08C918A3311F433
S11307C02A3341F0DF012C91222309F0B6CFFD0139
S11307D001C0319680818823E1F7DF01119760E041
S11307E070E017E090E03BC02C912A3311F1822F86
S11307F080538A3030F4332727FD3095205330401E
S11308000EC0422F552747FD50952154263020F421
S11308109A012753304003C09A0127553040092ECE
S113082002C0220F331F0A94E2F7622B732B9C5FE2
S11308300EC0E12FFF27EE0FFF1FE80DF91DA72EB5
S1130840B62EB182A082115060E070E090E0119762
S1130850FD0181818A3319F48C918A3319F0CA1607
S1130860DB0610F2DF91CF911F910F91FF90EF9073
S1130870DF90CF90BF90AF909F908F900895FC0130
S11308807183608353834283358324830895CF9295
S1130890DF92EF92FF920F931F93CF93DF938C011C
S11308A06B01EE24FF241AC0F80182819381E89E33
S11308B0E001E99ED00DF89ED00D11248081918134
S11308C0C80FD91FCE01F6010995FFEF8F3F9F078F
S11308D059F0019759F00894E11CF11CF801848146
S11308E09581E816F90600F3C0E0D0E0CE01DF916F
S11308F0CF911F910F91FF90EF90DF90CF900895CB
S1130900EF92FF920F931F93CF93DF93EC017B0140
S113091000E010E012C08A819B819C01029FC0010B
S1130920039F900D129F900D112428813981820F0D
S1130930931FF70109950F5F1F4F8C819D81081745
S1130940190748F3DF91CF911F910F91FF90EF901A
S113095008958FB7F894992708958FBF08957FB7A6
S1130960F8946091B20020910608309107084091F4
S1130970080850910908B99B11C08091B300909167
S1130980B200280F311D411D511D2F5F3F4F4F4FA6
S11309905F4F290F311D411D511D04C0260F311D0C
S11309A0411D511D872F99278FBFCA01B901089591
S11309B0282F9FB7F894E82FFF27E65FF74F808131
S11309C08F3F81F4E0913708E21771F40BC0209354
S11309D02E0804C0FF27E65FF74F208320933708D3
S11309E020E007C025E005C080912E088F3F91F7D5
S11309F0EECF892F99278FBF822F99270895EF92E1
S1130A00FF920F931F93E0912208E1FF50C02091C1
S1130A101A0830911B0840911C0850911D08E09061
S1130A201E08F0901F080091200810912108621BF5
S1130A30730B840B950B6E157F0580079107B8F136
S1130A40E0FF04C0ED7FE09322080CC02E0D3F1D93
S1130A50401F511F20931A0830931B0840931C0811
S1130A6050931D0880911408909115080196909355
S1130A7015088093140890932508809324082FB7B1
S1130A80F894992780FF02C0129801C0129A81FF3E
S1130A9002C0119801C0119A82FF02C0109801C0CF
S1130AA0109A822F99278FBF80E00E94D80482E099
S1130AB00E94D8041F910F91FF90EF900895DF9248
S1130AC0EF92FF920F931F938FB7F894282F332739
S1130AD0D22E9091B3008091B20047B3981711F0D1
S1130AE041FF02C02FBF71C0809111088823E1F13A
S1130AF00E94AF04E0900208F090030800910408FB
S1130B001091050820913108309132084091330842
S1130B10509134086E197F09800B910B621773078B
S1130B208407950720F01092110871E01EC02E0D65
S1130B303F1D401F511F8091060890910708A09106
S1130B400808B0910908281B390B4A0B5B0B273E98
S1130B5031054105510540F4822F223010F070E038
S1130B6005C070E082E002C070E086EE682F61503C
S1130B708091B60083FDFCCF8091B200681709F420
S1130B806F5F209106083091070840910808509142
S1130B900908DA01C9010196A11DB11D860F911D35
S1130BA0A11DB11D82179307A407B50710F4622F86
S1130BB060958091B60083FDFCCF6093B300DFBEE7
S1130BC0772319F081E00E94D8041F910F91FF90C0
S1130BD0EF90DF900895AFB7F894BB27E1E0E0937E
S1130BE0110860930208709303088093040890939B
S1130BF0050820933108309332084093330850930A
S1130C003408AFBF0E945F050895EF92FF920F93DF
S1130C101F930E94AF047B018C018FB7F89499272E
S1130C20109211088FBF8091220881FF3DC08091EE
S1130C301A0890911B08A0911C08B0911D08A801E6
S1130C409701281B390B4A0B5B0BDA01C901209170
S1130C501E0830911F084091200850912108281B3C
S1130C60390B4A0B5B0B2F3F8FEF38078FEF480789
S1130C708FE75807C9F012161306140615062CF050
S1130C80C801B7010E94FF040FC020932A083093C3
S1130C902B0840932C0850932D0881E080930D0875
S1130CA0C801B7010E94EB051F910F91FF90EF90CF
S1130CB008958FB7F89420E0029B21E0019B226005
S1130CC0009B246099278FBF822F992708951F9234
S1130CD00F920FB60F9211248F938091B0008093DE
S1130CE0B0008091B60081FDFCCF8F910F900FBEB4
S1130CF00F901F90189580E090E008951F920F9236
S1130D000FB60F9211242F933F938F939F93EF93DA
S1130D10FF938091C00087FF2AC02091C600E09114
S1130D201808F0911908309711F1809135089091C5
S1130D303608E80FF91F20830196909336088093B4
S1130D40350820913808309139088217930778F0D4
S1130D50109219081092180880912308833039F0F2
S1130D608091C1008F778093C10010922308FF9176
S1130D70EF919F918F913F912F910F900FBE0F9004
S1130D801F9018952FB7F89433278093C600E0EC92
S1130D90F0E08081806480832FBF089578941F924F
S1130DA00F920FB60F9211242F933F934F935F939B
S1130DB06F937F938F939F93AF93BF93EF93FF931F
S1130DC020910E0830910F088091280890912908ED
S1130DD02817390780F4E0911208F0911308E20F04
S1130DE0F31F80812F5F3F4F30930F0820930E082D
S1130DF00E94C2060BC0109213081092120810929F
S1130E0010088091C1008F7B8093C100FF91EF9106
S1130E10BF91AF919F918F917F916F915F914F910E
S1130E203F912F910F900FBE0F901F9018951F9216
S1130E300F920FB60F9211248F938091C80087FFF1
S1130E4002C08091CE008F910F900FBE0F901F9023
S1130E50189578941F920F920FB60F9211240F9049
S1130E600FBE0F901F90189578941F920F920FB693
S1130E700F9211240F900FBE0F901F901895789425
S1130E801F920F920FB60F9211240F900FBE0F9066
S1130E901F90189578941F920F920FB60F921124F9
S1130EA00F900FBE0F901F90189578941F920F9279
S1130EB00FB60F9211248F939F9380919600909177
S1130EC097009F918F910F900FBE0F901F901895D0
S1130ED078941F920F920FB60F9211242F933F9381
S1130EE08F939F932FB7F89433278091160890918E
S1130EF01708019690931708809316082FBF9F91A7
S1130F008F913F912F910F900FBE0F901F901895C6
S1130F10CF93DF93982F80911008882319F0CFEF97
S1130F20DFEF0BC0C92FDD27C7FDD0958C2F0E94A2
S1130F30C2068091C00086FFFCCFCE01DF91CF9125
S1130F4008951F920F920FB60F9211242F933F937F
S1130F504F935F936F937F938F939F93AF93BF93BD
S1130F60EF93FF938091B0008093B0008091B6001E
S1130F7081FDFCCF8091B30099270196AA27BB2756
S1130F8020910608309107084091080850910908FB
S1130F90280F391F4A1F5B1F209306083093070848
S1130FA0409308085093090878940E945F05FF91C4
S1130FB0EF91BF91AF919F918F917F916F915F91CD
S1130FC04F913F912F910F900FBE0F901F90189546
S1130FD0EF92FF920F931F9380910D08882361F580
S1130FE020912A0830912B0840912C0850912D080B
S1130FF0EFB7F894FF27609102087091030880917D
S1131000040890910508E0903108F09032080091AE
S11310103308109134086E0D7F1D801F911FEFBFA0
S113102020932A0830932B0840932C0850932D08C2
S113103010920D080E94EB050E94AF040E94FF0469
S11310401F910F91FF90EF90089580912E088F3F8C
S1131050E1F1282F3327F901E65FF74F8081809370
S11310602E088F3F11F4809337088FEF80832F3F32
S113107061F1213011F1213018F0223009F122C040
S11310800E94590699279F938F93809124089091E9
S113109025089F938F9380E092E09F938F930E9403
S11310A0620A81E090E02DB73EB72A5F3F4F0FB64A
S11310B0F8943EBF0FBE2DBF08950E94E80702C0FA
S11310C00E94050681E090E0089580E090E0089594
S11310D0FF920F931F93FFB6F89414BE88E10FB6E6
S11310E0F89480936000109260000FBE43E050E0DB
S11310F06FEF70E08AE098E00E945B0A8FEF8093C4
S11311002E088093370881E08093810080E28093E9
S1131110B60083E08093B1008091840090918500B3
S11311204AE720918400309185002817390708F494
S11311304150442311F0C901F4CF9091B200809141
S1131140B2008917E1F320918400309185009091D9
S1131150B2008091B2008917E1F3809184009091EC
S11311608500821B930B409635E0969587953A95BA
S1131170E1F79093300880932F081092B10080918A
S1131180B10080938100809181008093B600109219
S1131190B20010928500109284008FEF87BB87B352
S11311A086BB8091B6008571E1F70A9A099A089A7C
S11311B0129A119A109A18B88FEF87B90C9814984C
S11311C01092950010929400809171008160809338
S11311D0710080919100887F8260809391000E94C9
S11311E025088823E1F787E192E090933D088093F6
S11311F03C0812E006E060912F08709130088827BF
S113120099272CE0660F771F881F991F2A95D1F71D
S113121020E031EE40E050E00E94300A215030409E
S11312202093C400832F99278093C5001093C00096
S11312300093C2001092C1002093CC008093CD0093
S11312401093C8000093CA001092C90084E490E08F
S113125090932708809326088091C1008F7B809308
S1131260C1008091C1008F778093C1001092230840
S1131270109210088091C10088608093C100809111
S1131280C10080618093C1008091C1008068809317
S1131290C1008091B60080628093B6008091B60050
S11312A081FDFCCF82E08093B0008091B60080FD88
S11312B0FCCF83E08093B1008091B60083FDFCCF26
S11312C086EE8093B30080917000826080937000FA
S11312D00E945F050E9425088823E1F78F2D992736
S11312E08FBF789410921508109214080E94AF04CE
S11312F060931A0870931B0880931C0890931D0830
S113130080E092E0A0E0B0E080931E0890931F0874
S1131310A0932008B0932108809122088E7F8260D8
S11313208093220882E00E94D8048FB7F894482F53
S1131330552757C080917000992783709070892B2E
S113134019F4E5E0F0E014C08091B6008A71E1F789
S11313508091B3009091B200891B8C3038F0809159
S1131360B200853F18F4E3E0F0E002C0E2E0F0E010
S113137080916E00867009F580916F008E72E9F499
S1131380809171008E72C9F40CB407FC16C0809170
S1131390C100887191F48091C900887171F48091C1
S11313A0BC0082FD0AC080917A0087FF03C081E0FF
S11313B090E005C085E090E002C080E090E023B7B3
S11313C08E1708F4E82FFF27E453FF4FE491207FA2
S11313D02160E22BE3BF78948895F89483B78E7FDD
S11313E083BF80912E088F3F09F4A4CF282F332781
S11313F0F901E65FF74F808180932E088F3F11F447
S1131400809337088FEF80832F3F09F493CF4FBF2A
S1131410213001F1213020F0223009F086CF1DC0A7
S11314200E94590699279F938F9380912408909145
S113143025089F938F9380E092E09F938F930E945F
S1131440620A8DB79EB706960FB6F8949EBF0FBE7C
S11314508DBF6BCF0E94E80768CF0E94050665CF59
S1131460A1E21A2EAA1BBB1BFD010DC0AA1FBB1FA4
S1131470EE1FFF1FA217B307E407F50720F0A21B16
S1131480B30BE40BF50B661F771F881F991F1A9483
S113149069F760957095809590959B01AC01BD01AD
S11314A0CF010895FB01DC0102C001900D9241506F
S11314B05040D8F70895DC0101C06D93415050406D
S11314C0E0F70895A2E0B0E0E8E6FAE00C941A0D23
S11314D0FE01379661917191FA83E983AF0180919E
S11314E03C0890913D080E94790AE2E022960C940F
S11314F0360DABE0B0E0EFE7FAE00C940C0D3C01E4
S11315004B016A01FC0117821682838181FD03C0AD
S11315108FEF9FEFDAC1F3013381F40133FD85913D
S113152033FF81914F01882309F4CCC1853239F40A
S113153033FD859133FF81914F01853229F4B30145
S113154099270E947F0CE7CF00E0442455244AE009
S11315500032B0F48B3269F08C3228F4803251F0CE
S1131560833271F40BC08D3239F0803349F4016059
S113157028C00260046025C0086023C0006121C047
S113158007FD29C0282F20532A3078F406FF06C00F
S1131590549EC0011124522E580E13C0449EC00103
S11315A01124422E480E00620CC08E3221F406FD36
S11315B089C1006406C08C3611F4006802C0883604
S11315C051F4F40133FD859133FF81914F01882358
S11315D009F46FC0BDCF982F8554833018F0805222
S11315E0833038F424E030E0C20ED31E8FE38983C5
S11315F00FC0933631F0933799F0933509F05BC0FF
S113160023C0F6018081898322E030E0C20ED31E1C
S11316107E010894E11CF11C51E0A52EB12C12C0EE
S1131620F601E080F18006FD03C06FEF7FEF02C09A
S1131630652D772722E030E0C20ED31EC7010E9439
S1131640740C5C010F7713C0F601E080F18006FD95
S113165003C06FEF7FEF02C0652D772722E030E0F3
S1131660C20ED31EC7010E94690C5C01006803FF0F
S113167007C01BC0B30180E290E00E947F0C4A9433
S1131680842D9927A816B906A8F30FC0F70107FD02
S1131690859107FF81917F01B30199270E947F0CF7
S11316A041104A940894A108B108A114B10471F737
S11316B006C190E03EC0943611F0993691F507FFCB
S11316C00AC0F601608171818281938124E030E057
S11316D0C20ED31E0DC0F601808191819C01B90117
S11316E0882777FD8095982F42E050E0C40ED51EE0
S11316F04FE6B42EB02297FF09C09095809570955F
S113170061957F4F8F4F9F4F50E8B52A8E010F5F31
S11317101F4F2AE030E0A8010E94AC0CA82EA01AAA
S11317204DC0953731F43FEEF32EF0222AE030E03D
S113173023C029EFF22EF0229F3661F0903720F477
S1131740983509F0BFC012C0903739F0983709F0C6
S1131750B9C005C028E030E00FC080E1F82AF4FEEB
S113176002C094E0F92A20E130E006C0F4FE02C091
S1131770E6E0FE2A20E132E0F7FE0AC0F6016081CD
S113178071818281938144E050E0C40ED51E0BC068
S1131790F60180819181AC01BA0188279927E2E0A2
S11317A0F0E0CE0EDF1E8E010F5F1F4FA8010E94D6
S11317B0AC0CA82EA01A8FE7B82EBF20B6FE10C01E
S11317C0FEEFBF22A51460F42B2D332724FF1AC08B
S11317D022FF02C0052D09C02FEEB222052D01C043
S11317E00A2D2B2D332724FF0EC0FE01EA0DF11D17
S11317F08081803319F439EEB32209C00F5F22FFD0
S113180006C004C0052D822F867809F00F5FEB2CEB
S1131810FF24E3FC14C0E0FE0FC0041510F05A2CA2
S11318200BC0542C501A5A0C042D06C0B30180E28C
S113183090E00E947F0C0F5F0415C0F304C00415F0
S113184010F4401A01C04424E4FE10C0B30180E344
S113185090E00E947F0CE2FE1EC0E1FE03C088E51A
S113186090E002C088E790E0B3010CC08E2D86782A
S113187091F0E1FE02C08BE201C080E2B7FC8DE290
S1131880B30199270E947F0C06C0B30180E390E066
S11318900E947F0C5A94A514C0F3AA94FE01EA0D89
S11318A0F11D8181B30199270E947F0CAA2039F090
S11318B0F4CFB30180E290E00E947F0C4A9444206C
S11318C0C1F729CEF30186819781E0E12B960C9430
S11318D0280DFC010590615070400110D8F78095E7
S11318E090958E0F9F1F0895FC01615070400190E8
S11318F00110D8F7809590958E0F9F1F08950F9330
S11319001F93CF93DF938C01EB018B81992781FF88
S11319101BC082FF0DC02E813F818C819D812817C1
S1131920390764F4E881F9810193F983E88306C0F7
S1131930E885F985802F0995892B31F48E819F8163
S113194001969F838E8302C00FEF1FEFC801DF91C2
S1131950CF911F910F910895FA01AA27283051F1D0
S1131960203181F1E8946F936E7F6E5F7F4F8F4FCC
S11319709F4FAF4FB1E03ED0B4E03CD0670F781F2B
S1131980891F9A1FA11D680F791F8A1F911DA11D10
S11319906A0F711D811D911DA11D20D009F4689449
S11319A03F912AE0269F11243019305D3193DEF6F1
S11319B0CF010895462F4770405D4193B3E00FD0A7
S11319C0C9F7F6CF462F4F70405D4A3318F0495D92
S11319D031FD4052419302D0A9F7EACFB4E0A69575
S11319E09795879577956795BA95C9F70097610597
S11319F0710508959B01AC010A2E069457954795ED
S1131A0037952795BA95C9F7620F731F841F951FE1
S1131A10A01D08952F923F924F925F926F927F92F2
S1131A208F929F92AF92BF92CF92DF92EF92FF92EA
S1131A300F931F93CF93DF93CDB7DEB7CA1BDB0B96
S1131A400FB6F894DEBF0FBECDBF09942A8839883B
S1131A5048885F846E847D848C849B84AA84B98442
S1131A60C884DF80EE80FD800C811B81AA81B9814E
S1131A70CE0FD11D0FB6F894DEBF0FBECDBFED0162
S1071A800895FFCFF3
S1131A84636F756E743D253034782C206C65643D29
S1131A94253034780D0A000000000200000000889C
S1091AA407000000000031
S9030000FC
