S01700006275696C642F697269732F6D61696E2E7372656343
S11300000C9469010C9488010C9488010C94880167
S11300100C9488010C9488010C9488010C94880138
S11300200C9488010C9488010C9488010C94880128
S11300300C9488010C9488010C9488010C94880118
S11300400C9488010C9488010C9488010C94880108
S11300500C9488010C9488010C9488010C948801F8
S11300600C9488010C94CA090C9488010C944D0AD0
S11300700C9488010C9488010C9488010C94A40BB2
S11300800C94830B0C948E0B0C94990B0C94B70B5F
S11300900C94660B0C9488010C94780B0C948801D6
S11300A00C9488010C9488010C9488010C948801A8
S11300B00C9488010C9488010C9488010C94880198
S11300C00C9488010C9488010C9488010000211080
S11300D0422063308440A550C660E77008812991AE
S11300E04AA16BB18CC1ADD1CEE1EFF13112100256
S11300F073325222B5529442F772D66239931883FE
S11301007BB35AA3BDD39CC3FFF3DEE36224433421
S113011020040114E664C774A44485546AA54BB54D
S113012028850995EEE5CFF5ACC58DD553367226F5
S113013011163006D776F6669556B4465BB77AA79D
S113014019973887DFF7FEE79DD7BCC7C448E55841
S11301508668A7784008611802282338CCC9EDD9ED
S11301608EE9AFF9488969990AA92BB9F55AD44A95
S1130170B77A966A711A500A333A122AFDDBDCCB3D
S1130180BFFB9EEB799B588B3BBB1AABA66C877C61
S1130190E44CC55C222C033C600C411CAEED8FFD8D
S11301A0ECCDCDDD2AAD0BBD688D499D977EB66E35
S11301B0D55EF44E133E322E511E700E9FFFBEEFDD
S11301C0DDDFFCCF1BBF3AAF599F788F8891A9819F
S11301D0CAB1EBA10CD12DC14EF16FE18010A10089
S11301E0C230E3200450254046706760B983989379
S11301F0FBA3DAB33DC31CD37FE35EF3B1029012D9
S1130200F322D2323542145277625672EAB5CBA544
S1130210A89589856EF54FE52CD50DC5E234C32428
S1130220A01481046674476424540544DBA7FAB718
S11302309987B8975FE77EF71DC73CD7D326F23678
S11302409106B01657667676154634564CD96DC964
S11302500EF92FE9C899E9898AB9ABA944586548C8
S113026006782768C018E1088238A3287DCB5CDBB8
S11302703FEB1EFBF98BD89BBBAB9ABB754A545A18
S1130280376A167AF10AD01AB32A923A2EFD0FED84
S11302906CDD4DCDAABD8BADE89DC98D267C076C68
S11302A0645C454CA23C832CE01CC10C1FEF3EFF58
S11302B05DCF7CDF9BAFBABFD98FF89F176E367EB8
S11302C0554E745E932EB23ED10EF01E00020E0601
S11302D00C0411241FBECFEFD1E2DEBFCDBF12E06C
S11302E0A0E0B2E0E6E6F6E300E00BBF02C0079050
S11302F00D92A631B107D9F711E1A6E1B2E001C030
S11303001D92AD34B107E1F70E944B190C94321BD6
S11303100C940000FC0120E030E007C0828193814E
S1130320280F391F0480F581E02D3097B9F7C901F2
S11303300895FB015183408333832283958384830F
S11303400895CF92DF92EF92FF920F931F93CF9372
S1130350DF938C01FB017A01690105C0E81BF90BED
S1130360E8010C811D81E8018A819B81E817F90766
S1130370A8F71CC0E8018A819B818E1B9F0BE701B3
S11303808E159F0508F4EC01D8018D919C91AE0166
S1130390B6018E0F9F1F0E94221BCC0EDD1EEC1A8D
S11303A0FD0AE8010C811D81E0E0F0E00115110572
S11303B019F01E141F04F4F280E090E0DF91CF9155
S11303C01F910F91FF90EF90DF90CF9008954F927F
S11303D05F926F927F928F929F92AF92BF92CF92D1
S11303E0DF92EF92FF920F931F93CF93DF938C01D1
S11303F04B015A013901CC24DD2404C06C01F801FD
S1130400048115810115110519F44424552436C0BD
S1130410F801828193818C0D9D1D8816990670F7D1
S11304204424552428C07401EC18FD08F801828185
S113043093818E199F09E5018A159B0508F4EC0147
S1130440F801608171816E0D7F1DAE01C3010E94B0
S1130450221B4C0E5D1EF801048115810115110546
S113046069F0CE0CDF1CCC0EDD1E8C0E9D1EAC1A6A
S1130470BD0A6C0E7D1E1A141B04ACF2C201DF917E
S1130480CF911F910F91FF90EF90DF90CF90BF908D
S1130490AF909F908F907F906F905F904F90089552
S11304A0EF92FF920F931F93CF93DF93FC0120E011
S11304B030E040E050E0A0E0B0E02EC06281738103
S11304C06115710531F1C081D18100E010E01EC0D9
S11304D0888100FD0BC09927982F8827A82BB92B5A
S11304E0C80101968617970771F403C09927A82BB2
S11304F0B92B7D01C701AA27BB27280F391F4A1F23
S11305005B1FA0E0B0E00F5F1F4F2196061717078F
S1130510F9F60480F581E02D309781F60BC0DA01FD
S1130520C901A070B0709A0144275527280F391FBC
S11305304A1F5B1F203080E0380781E0480780E0D5
S1130540580768F7C90180959095DF91CF911F9165
S11305500F91FF90EF900895EF92FF920F931F93E6
S1130560CF93DF93CDB7DEB76A970FB6F894DEBFAB
S11305700FBECDBFE42E08969A87898740E150E0EC
S11305805C874B879E01215F3F4F3E872D874096B6
S1130590988B8F875A8B498BCE0145969C8B8B8B7E
S11305A0CE0101969E8B8D8B88E090E0988F8F8B87
S11305B07A8F698FCB010E948A01AA2797FDA095A3
S11305C0BA2FBC01CD010E94530469837A838B83C3
S11305D09C83FF2400271127C801B7010E945304FC
S11305E06D837E838F839887CE0109960E94500283
S11305F06A960FB6F894DEBF0FBECDBFDF91CF91E0
S11306001F910F91FF90EF9008958CED95E09093DA
S11306102B0280932A020895AAE2B2E004969C0178
S113062021703070280F391F02C0A40FB51F8D919F
S11306309C911197AC015F704217530710F097FF1C
S113064006C0CD018A5292408C5D954074F388E0D7
S1130650A630B80718F080E090E00895C901029729
S11306609C013F70306811963C932E93FD01E80F76
S1130670F91F481B590B5F7051834083CD010296CB
S11306800895CF93DF939C01EAE2F2E0C0E0D0E06A
S113069006C0808191819F70EF01E80FF91FCF019F
S11306A002968217930739F0CF018A5292408C5DEB
S11306B095407CF327C0808191819C013F70DF01CC
S11306C0A20FB31F9F7791838083CD018A529240FA
S11306D08C5D95404CF48D919C9197FD05C09F7065
S11306E0280F391F31832083209761F028813981B5
S11306F037FD08C03F70808191819F70280F391F9A
S113070039832883DF91CF910895EAE2F2E040E053
S113071050E00BC02081318137FD04C0C9019F70B6
S1130720480F591F3F70E20FF31FCF018A529240C6
S11307308C5D95407CF3CA0108956F927F928F92ED
S11307409F92AF92BF92CF92DF92EF92FF920F935C
S11307501F93CF93DF93FB015A018B01040F151FE5
S1130760DC01CC24DD2440E050E07AE398EF692EEC
S11307709FEF792E600E711E6E167F0608F460C01E
S1130780ED01E980FC9024E030E08FEF882E982E74
S1130790CCE0D0E0C401022E02C0969587950A945D
S11307A0E2F78E159F0530F042305105B1F4203147
S11307B0310599F4C7010C2E02C0969587950A94C9
S11307C0E2F7682F6F708F7090700A9718F4862F75
S11307D0805D02C0862F895A81932C5F3F4F2497F6
S11307E024313105B9F68D919C911197892B21F50E
S11307F04115510559F471938D919C911197892B51
S113080019F441E050E002C042E050E087E0C8162D
S1130810D10424F44130510509F071930894C11CAA
S1130820D11C129688E0C816D10409F0A5CF413036
S1130830510531F4719304C04130510539F7E4CFC7
S113084011920A191B09CF01801B910BDF91CF91E3
S11308501F910F91FF90EF90DF90CF90BF90AF90DA
S11308609F908F907F906F900895DC018C9183709E
S1130870823021F4FD012181328113C0833019F0CB
S113088020E030E00EC0FD01319620E030E0AD0103
S1130890475F5F4F81919191280F391FE417F50746
S11308A0C9F7C9010895EF92FF920F931F93FB01BB
S11308B0BC01882799272F2F3E2F44275527A901AC
S11308C033272227E72EF62E002711272E293F292A
S11308D0402B512BCA01B9011F910F91FF90EF904A
S11308E008959C01DB01FC0104C08D91819341506A
S11308F0504041155105C9F7C90108958F929F923F
S1130900AF92BF92CF92DF92EF92FF920F931F9319
S1130910CF93DF936C014B01892B09F4A3C06115BC
S1130920710509F49FC080E1EB0119928A95E9F7FA
S1130930D60160E070E090E046C02A3301F1822FD6
S113094080538A3030F4332727FD309520533040CC
S11309500EC0422F552747FD50952154263020F4D0
S11309609A012753304003C09A012755304044E090
S1130970660F771F4A95E1F7622B732B0DC0E92FA1
S1130980FF27EE0FFF1FE80DF91D072F162F118308
S113099000839F5F60E070E0FD013196ED012981E5
S11309A0222359F4E92FFF27EE0FFF1FE80DF91D4D
S11309B0E72EF62EF182E08255C08C918A3311F431
S11309C02A3341F0DF012C91222309F0B6CFFD0137
S11309D001C0319680818823E1F7DF01119760E03F
S11309E070E017E090E03BC02C912A3311F1822F84
S11309F080538A3030F4332727FD3095205330401C
S1130A000EC0422F552747FD50952154263020F41F
S1130A109A012753304003C09A0127553040092ECC
S1130A2002C0220F331F0A94E2F7622B732B9C5FE0
S1130A300EC0E12FFF27EE0FFF1FE80DF91DA72EB3
S1130A40B62EB182A082115060E070E090E0119760
S1130A50FD0181818A3319F48C918A3319F0CA1605
S1130A60DB0610F2DF91CF911F910F91FF90EF9071
S1130A70DF90CF90BF90AF909F908F900895FC012E
S1130A807183608353834283358324830895CF9293
S1130A90DF92EF92FF920F931F93CF93DF938C011A
S1130AA06B01EE24FF241AC0F80182819381E89E31
S1130AB0E001E99ED00DF89ED00D11248081918132
S1130AC0C80FD91FCE01F6010995FFEF8F3F9F078D
S1130AD059F0019759F00894E11CF11CF801848144
S1130AE09581E816F90600F3C0E0D0E0CE01DF916D
S1130AF0CF911F910F91FF90EF90DF90CF900895C9
S1130B00EF92FF920F931F93CF93DF93EC017B013E
S1130B1000E010E012C08A819B819C01029FC00109
S1130B20039F900D129F900D112428813981820F0B
S1130B30931FF70109950F5F1F4F8C819D81081743
S1130B40190748F3DF91CF911F910F91FF90EF9018
S1130B5008958FB7F894992708958FBF0895282F83
S1130B609FB7F894E82FFF27E35FF74F80818F3F0B
S1130B7081F4E0914811E21771F40BC020931F0E29
S1130B8004C0FF27E35FF74F20832093481120E040
S1130B9007C025E005C080911F0E8F3F91F7EECF6F
S1130BA0892F99278FBF822F992708951F931FB7E5
S1130BB0F8948091270E882341F485E00E94AF05C4
S1130BC0882319F481E08093270E812F99278FBF02
S1130BD01F910895809330088FEF80932A088093A3
S1130BE029088BE880932F0841E040932D088091D9
S1130BF01D0290911E02892B09F040C02FB7F89472
S1130C00332785E0809320021092210284E298E049
S1130C1090931C0280931B0282E090E090931E024A
S1130C2080931D0210922302109222028DE0809381
S1130C301F022FBF8FB7F894282F33278091F70B0B
S1130C408A3011F42FBF16C02FBF9FB7F89480913C
S1130C50C608882311F020E005C04093C60810920E
S1130C60C70821E0892F99278FBF222319F00E94FA
S1130C70D605089510921E0210921D02129808952E
S1130C801F93182F882319F012980E94EA0580E018
S1130C9090E0112311F481E090E01F910895E82F72
S1130CA0E695E695E695282F3327662379F0FF2706
S1130CB0E45FF74F2770307081E090E002C0880F46
S1130CC0991F2A95E2F72081282B0FC0FF27E45FA4
S1130CD0F74F2770307081E090E002C0880F991FB1
S1130CE02A95E2F78095208128232083089588237C
S1130CF029F46AE070E080E090E004C060E070E015
S1130D0080E090E0982F872F762F662708958091B2
S1130D10F70B8A3021F48091AC08843021F081E013
S1130D2080931802089587E00E94AF05109218027C
S1130D3008952FB7F89433278093C600E0ECF0E0D1
S1130D408081806480832FBF0895FC016115710543
S1130D5019F481E090E008958091C2089091C3084D
S1130D60892B19F085E090E008957093100E60933C
S1130D700F0EF093C308E093C2081092AE081092CD
S1130D80AD0881E08093AF088091C00080648093B7
S1130D90C0008091C10080648093C100808121E003
S1130DA030E03093AE082093AD080E94990680E0AD
S1130DB090E008958FB7F8949927209129022E7F07
S1130DC0209329022EE7209318088FBF61E070E07A
S1130DD088E198E00E94A50699270895ECECF0E0DC
S1130DE06927660FF11DE60FF11DC895982F802D18
S1130DF03196C895902508959C01809100029091A8
S1130E00010264E670E00E94DF1A280F391F81E5B1
S1130E1097E3AC01249FC001259F900D349F900D52
S1130E2011248F5A984C9093060E8093050E90933C
S1130E301C0E80931B0E85E89FE0AC01249FC0012B
S1130E40259F900D349F900D11248B57904F9093B4
S1130E500A088093090808958091050E9091060E62
S1130E609C01220F331F97FF04C08BE090E12827D9
S1130E703927C90101969093060E8093050E20919F
S1130E80090830910A088227932708950F931F9326
S1130E90CF93DF931092F90B1092F80B0E94FC068B
S1130EA008E21EE00E942C07EC01D7700E942C0778
S1130EB09C01220F232F221F330B3195CE01820F69
S1130EC0931F8150984020F0C0E0D8E0C21BD30BA0
S1130ED0CE01AA27BB27F80180839183A283B38321
S1130EE015821482378326830E942C07292F3327E7
S1130EF0F80146815781C901840F951F81509240A2
S1130F0020F020E032E0241B350B2D52374FF8013E
S1130F1035832483085F1F4FF1E108341F0709F06C
S1130F20C1CFDF91CF911F910F910895EF92FF925E
S1130F300F931F93DB01FC0113E0EE0FFF1F1A95C3
S1130F40E1F7E85DF14FE080F1800281138173E005
S1130F50AA0FBB1F7A95E1F7A85DB14F2D913D9182
S1130F604D915C911397E216F3060407150718F4E4
S1130F7080E090E014C060E0FD0186819781AA279B
S1130F80BB27280F391F4A1F5B1FE216F30604070D
S1130F90150708F061E081E06827862F99271F91E3
S1130FA00F91FF90EF900895882339F480910C08F5
S1130FB080FF05C0665F7F4F02C060E070E0CB0138
S1130FC00895982F4FB7F89455272BB1277D2BB947
S1130FD080E097FD5B9A5D9A4A9980682BB996FDEB
S1130FE05B9A5D9A4A9980642BB995FD5B9A5D9AE8
S1130FF04A9980622BB994FD5B9A5D9A4A99806103
S11310002BB993FD5B9A5D9A4A9988602BB992FD3E
S11310105B9A5D9A4A9984602BB991FD5B9A5D9ABB
S11310204A9982602BB990FD5B9A5D9A4A998160D6
S11310304FBF99270895982F80912402882389F51A
S1131040992379F531E03093240280910F02809343
S1131050250220911902822F817080930B088091C0
S11310601402909115029093270280932602809196
S11310701A028093280232273170267EE32FFF273D
S1131080EE0FFF1FE05FFD4F808191819093150269
S113109080931402232B209319028AE00E94AF0547
S11310A008958091190280FF02C08B7F01C08D7F5B
S11310B08093190208950F931F93082F162F809180
S11310C0AC088130D9F0813038F0823009F44AC05C
S11310D0833009F028C159C0002309F458C1109283
S11310E0090E1092080E1092FD0D10921A0E109215
S11310F0B0081092E00A1092DF0A39C1002309F007
S113110046C18091DF0A9091E00A0E94EE06909316
S1131110E00A8093DF0A82E08093AC0810931A0EF1
S1131120143409F000C125C18695869503C08091C9
S113113019028695817009F0F6C0809119029923ED
S113114011F0846001C082608093190280911902B9
S1131150877E88608093190210921A028FEF809321
S11311600F0215C1002309F0DEC06093B00880911E
S1131170DF0A9091E00A0E94EE069093E00A8093C1
S1131180DF0A83E08093AC0802C18091FD0D8F3F9C
S113119009F4C9C0002309F461C0823008F4C3C053
S11311A0E091080EEE2309F4EBC04E2F4150E42FDA
S11311B0FF27E85FF14F82819927382F22274423A4
S11311C011F4E2E002C0E42FE150FF27E85FF14FA1
S11311D082819927282B392B8091DF0A9091E00A8C
S11311E02817390709F09FC080E00E941B0830913E
S11311F0B0088091D30A2091D40A982F9F5F96302B
S113120008F090E0921771F0E82FFF27ED52F54FA8
S113121032838F5F8093D30A863010F01092D30A02
S11312200E94D6051092090E1092080E94E0909335
S1131230AC081092FD0D10921A0E1092B008109284
S1131240E00A1092DF0A809129028D7F809329029F
S113125080911802882309F49AC084C0823008F46B
S11312604EC0E091090EFF27E85FF14F8281482FBD
S11312705527342F20911902822F869586958695BD
S1131280837099278130910519F00297F9F40EC003
S1131290277E206120931902442311F485E001C0C4
S11312A080E080931A0230930F0210C080911A02DA
S11312B0873860F4E0911402F0911502E80FF11DF3
S11312C0408380911A028F5F80931A028091090EE5
S11312D0E82FFF27E85FF14F62818F5F8093090E4B
S11312E0833010F01092090E77278091DF0A9091D5
S11312F0E00A0E94EE069093E00A8093DF0A809150
S1131300080EE82FFF27E85FF14F12838F5F809369
S1131310080E833010F01092080E8091FD0D8F5F3F
S11313208093FD0D34C01092090E1092080E14E043
S11313301093AC081092FD0D10921A0E1092B00882
S11313401092E00A1092DF0A809129028D7F809327
S1131350290281E00E941B0880911802882329F049
S11313601093AC080E94870612C0002381F081E02C
S113137009CF80911902982F917080FDD5CED7CED8
S113138080910C0E9927382F222742E01CCF1F9101
S11313900F9108951F920F920FB60F9211242F935D
S11313A03F934F935F936F937F938F939F93AF93E9
S11313B0BF93EF93FF938091C00087FF42C0609179
S11313C0C600E091E10AF091E20A309719F18091A8
S11313D0250E9091260EE80FF91F608301969093D5
S11313E0260E8093250E20914B1130914C118217BB
S11313F0930738F11092E20A1092E10A8091F60BF9
S11314008330F9F08091C1008F778093C1001092EE
S1131410F60B17C06E3719F460E081E010C08091BC
S113142029026D3721F48260809329020AC081FF6A
S113143005C08D7F8093290280E2682780E00E94A6
S11314405B08FF91EF91BF91AF919F918F917F9135
S11314506F915F914F913F912F910F900FBE0F901D
S11314601F901895982F8D57823068F48091290227
S113147081608093290280E289278093FA0D8DE7A9
S11314808093180802C09093180861E070E088E126
S113149098E00E94A5069927089578941F920F92C8
S11314A00FB60F921124FF920F931F932F933F9324
S11314B04F935F936F937F938F939F93AF93BF9358
S11314C0CF93DF93EF93FF932091AD083091AE0853
S11314D080910F0E9091100E2817390780F4E09137
S11314E0C208F091C308E20FF31F80812F5F3F4FC2
S11314F03093AE082093AD080E949906D1C0109293
S1131500C3081092C2081092AF088091C1008F7B6B
S11315108093C100FFB6F8948091290280FF0EC029
S11315208E7F809329028091FA0D8093180861E0E0
S113153070E088E198E00E94A506AFC08091F70BA7
S1131540843009F48CC0853040F4823021F183303A
S1131550B8F5813009F09CC00DC0863009F48DC007
S1131560863008F483C0873009F48EC0883009F0CF
S11315708FC091C08091C1080E94320A082F83E075
S11315808093F70B6091C1088091491190914A11A1
S11315900E94EE0610C08091220E0E94320A082F8B
S11315A083E08093F70B6091220E80914911909112
S11315B04A110E94EE0690934A118093491166C025
S11315C0E091E40AFF27EE0FFF1FEB53F74F8081F2
S11315D00E94320A082F1091E40AC12FDD27FE0170
S11315E0EE0FFF1FEB53F74F6081809149119091EB
S11315F04A110E94EE0690934A118093491120915A
S1131600BE082F5F2093BE08113039F58091200267
S1131610E0911B02F0911C02E80FF11DE0818F5F45
S11316208093200290911F02981730F482E08093F7
S1131630C60840E050E002C04E2F5527DE01AA0F35
S1131640BB1FFD01EC53F74F8081823031F02F3FF7
S113165021F0AB53B74F4C9319C084E012C0809172
S113166049110E94320A082F85E00BC080914A116B
S11316700E94320A082F86E004C00E94DA06082F6E
S113168087E08093F70B02C088E003C0002329F0B1
S113169089E08093F70B0E94D6058F2D99278FBF81
S11316A0FF91EF91DF91CF91BF91AF919F918F9176
S11316B07F916F915F914F913F912F911F910F9166
S11316C0FF900F900FBE0F901F9018951F920F92CE
S11316D00FB60F9211248F938091C80087FF02C028
S11316E08091CE008F910F900FBE0F901F90189590
S11316F078941F920F920FB60F9211240F900FBE81
S11317000F901F90189578941F920F920FB60F9216
S113171011240F900FBE0F901F90189578941F926C
S11317200F920FB60F9211240F900FBE0F901F90BF
S1131730189578941F920F920FB60F9211240F9060
S11317400FBE0F901F90189578941F920F920FB6AA
S11317500F9211248F939F938091960090919700FC
S11317609F918F910F900FBE0F901F9018957894B2
S11317701F920F920FB60F9211242F933F938F93C2
S11317809F932FB7F89433278091DB0A9091DC0A5A
S113179001969093DC0A8093DB0A2FBF9F918F916F
S11317A03F912F910F900FBE0F901F9018956F923D
S11317B07F928F929F92AF92BF92CF92DF92EF92DD
S11317C0FF920F931F93CF93DF93682E762E4901D8
S11317D05A01862F99272BE030E0829FE001839FF6
S11317E0D00D929FD00D1124C853D74F88818823E0
S11317F019F085E090E070C0862F0E947706681586
S113180079058A059B0508F45FC0681979098A0976
S11318109B096C157D058E059F0508F455C06882EB
S11318208B829C82AD82BE82CF82D886E986FA867C
S11318301A830983772009F044C08FB7F894282FBE
S11318403327922F80911702882311F581E080932A
S113185017021092040E2FBF8FB7F894C82FDD27FC
S11318609C2F80910E02813059F5809117028130AE
S113187021F484E00E94AF0509C0823009F580910B
S1131880040E80930E0283E080931702CFBF19C029
S11318908091040E882311F42FBF13C08091230874
S11318A08F3F71F4E0910D02EE2351F010C01092BD
S11318B00C0204C0FF27ED5DF74F108210920D0259
S11318C09FBF80E090E008C086E090E005C0809172
S11318D00C028F3F79F7EBCFDF91CF911F910F91DE
S11318E0FF90EF90DF90CF90BF90AF909F908F903C
S11318F07F906F900895BF92CF92DF92EF92FF9204
S11319000F931F93B82E0E94770662507040804058
S113191090406B017C0100E010E022E030E040E008
S113192050E06B2D85E00E94D70B1F910F91FF9023
S1131930EF90DF90CF90BF900895CF92DF92EF9217
S1131940FF920F931F93809316026093110EC901A7
S1131950880F892F881F990B91958093120E220F5F
S1131960812F9927282B2093130E0093140ED092C5
S1131970F50BC092F40BF092C008E092BF084093BC
S1131980BD0883E00E94AF051F910F91FF90EF9077
S1131990DF90CF9008951F93182F882321F4129875
S11319A081E00E94EA05812F99271F910895BF9233
S11319B0CF92DF92EF92FF920F931F93B82E8091F4
S11319C00808882339F085E08093160283E00E949A
S11319D0AF051DC08B2D9927FC01EE0FFF1FE80FEB
S11319E0F91FE75EF74F20813181BB2011F461E6D6
S11319F001C060E6A1E0CA2ED12CEE24FF2400E051
S1131A0010E040E08AE00E949D0CB092E30A1F912E
S1131A100F91FF90EF90DF90CF90BF900895CF92F9
S1131A20DF92EF92FF920F931F938091080888230F
S1131A3039F085E08093160283E00E94AF0529C047
S1131A404091E50A842F9927FC01EE0FFF1FE80F50
S1131A50F91FDF01A75EB74F2D913C91E55EF74F6B
S1131A60808182FF06C0442311F068E807C069E85A
S1131A7005C0442311F063E801C066E811E0C12EFB
S1131A80D12CEE24FF2400E010E040E089E00E9425
S1131A909D0C1F910F91FF90EF90DF90CF900895D0
S1131AA0CF92DF92EF92FF920F931F93CF93DF9326
S1131AB08130910509F4B1C08230910509F49FC0C9
S1131AC0892B09F0B2C08091FB0D9091FC0D90938D
S1131AD00708809306082091070E2770822F992704
S1131AE003971CF484E090E087C0233089F4F1E08C
S1131AF0CF2ED12CE12CF12C00E010E020E030E0DE
S1131B0040E050E060E085E00E94D70B992774C064
S1131B1060E080910C0880FF61E080E00E944F0645
S1131B20E090020EFF2400271127102F0F2DFE2C0A
S1131B30EE242091000E332744275527522F4427A3
S1131B40332722278091010E9927AA27BB27DC017E
S1131B5099278827282B392B4A2B5B2B8091030E3E
S1131B609927AA27BB27282B392B4A2B5B2BE22A40
S1131B70F32A042B152B0894E11CF11C011D111DE3
S1131B80E092030EBB27A12F902F8F2D8093020E7E
S1131B90C801AA27BB278093010EE12EFF2400274A
S1131BA01127E092000EC0E0DEE000E010E0699151
S1131BB0C8010E94EE068C018EE0C430D807B9F744
S1131BC080E00E94770666507040804090406B0130
S1131BD07C0126E030E040E050E060E085E00E94D7
S1131BE0D70B9927282F882329F48091070E886022
S1131BF08093070E822F99270E94400616C0809179
S1131C00FB0D9091FC0D01969093FC0D8093FB0DC0
S1131C100E9446070E943F0F08C0809106089091D9
S1131C2007080E9446070E946A0EDF91CF911F9118
S1131C300F91FF90EF90DF90CF9008958091000274
S1131C409091010264E670E00E94DF1A2FB7F894C5
S1131C50332782B191E0892782B92FBFE0911D0E0D
S1131C60F0911E0E662341F4E830F10538F4EE5F7E
S1131C70FD4F8081992722C0EF2B29F0119880E82D
S1131C800E94EA051DC0209106083091070890E0E3
S1131C90E2E0F2E08081882321F0823021F49F5F2A
S1131CA002C0292F3327319682E0EA30F80791F7F2
S1131CB0309307082093060881E090E00E94500DBD
S1131CC080911D0E90911E0E019690931E0E80938E
S1131CD01D0E0895CF92DF92EF92FF920F931F9300
S1131CE0E091F80BF091F90B3196F093F90BE09336
S1131CF0F80B3197E436F10519F40E941E0E2BC03F
S1131D00A3E0EE0FFF1FAA95E1F7E85DF14FC6804F
S1131D10D78020813181428153816091070E6770A1
S1131D20862F992703971CF484E090E012C0653055
S1131D3019F481E090E00DC0EE24FF242A5F3F4FA8
S1131D404F4F5F4F0AEF1BE060E084E00E94D70B27
S1131D5099270E9440061F910F91FF90EF90DF900A
S1131D60CF9008954F925F926F927F928F929F923D
S1131D70AF92BF92CF92DF92EF920F931F93CF93C4
S1131D80DF935B016C012A01380149018E2DC0915A
S1131D90F80BD091F90B0E944006882309F45FC028
S1131DA08E0101501040F80183E0EE0FFF1F8A9569
S1131DB0E1F7E85DF14F80819181A281B381A8169A
S1131DC0B906CA06DB06A9F486819781AA27BB2730
S1131DD0681679068A069B0661F490E08AEF481635
S1131DE08BE0580609F091E081E09827892F992724
S1131DF002C080E090E00E94CB0C882381F1E801CE
S1131E000CC0B801CE010E949607892B59F4BE017B
S1131E10C8010E949607892B29F42196C436D1055E
S1131E2084F309C081E090E00E94CB0C8823B9F0D0
S1131E300E946A0E14C0B3E0000F111FBA95E1F7B7
S1131E40085D114FA3016AEF7BE0F801848195815D
S1131E500E94151B892B31F380E090E0E5CFDF91E0
S1131E60CF911F910F91EF90DF90CF90BF90AF90E3
S1131E709F908F907F906F905F904F900895CF9236
S1131E80DF92EF92FF920F931F93E091F80BF09182
S1131E90F90B3196F093F90BE093F80B3197E43694
S1131EA0F10519F40E941E0E25C093E0EE0FFF1FEA
S1131EB09A95E1F7E85DF14FC680D78004811581DA
S1131EC020813181428153818091070E8770992747
S1131ED003971CF484E090E00BC0EE24FF242A5FF7
S1131EE03F4F4F4F5F4F60E081E00E94D70B99272F
S1131EF00E9440061F910F91FF90EF90DF90CF90CA
S1131F000895882321F012980E94EA0508950E94FA
S1131F101E0E08950F931F93182F062F282F332773
S1131F20F901E95FF14F9081892F877F80836623D0
S1131F3021F4907F9360908316C060E0E12FE695D2
S1131F40E695E695FF27E45FF74F80819927277090
S1131F50307002C0959587952A95E2F780FF61E07D
S1131F60812F0E944F06112339F4802F0E944006CE
S1131F70882311F00E941E0E1F910F9108952F9235
S1131F803F924F925F926F927F928F929F92AF9205
S1131F90BF92CF92DF92EF92FF920F931F93CF9352
S1131FA0DF93E82EEB01F0900B028F2C99248BE049
S1131FB090E0889EF001899EF00D989EF00D11240A
S1131FC0E853F74F10819FEF90930B021082FF208C
S1131FD0C9F58FB7F894082F80911702833089F5DB
S1131FE080910E02882369F580910C0220E030E094
S1131FF08F3F11F421E030E0232BF1F48F3F19F4EB
S11320002FEF30E00DC0282F3327F901ED5DF74F96
S1132010808180930C028F3F11F490930D02908382
S11320202093040E8FEF80930E0281E080931702B9
S113203084E00E94AF0505C081E080930E021092F7
S113204017020FBF133009F483C2143020F4113087
S113205009F084C2C2C0143021F0153009F07EC2E8
S11320603FC100911F081091200820912108309150
S113207022088BE090E0889EF001899EF00D989EE6
S1132080F00D1124E853F74F41815281A380B480AD
S1132090C580D680FF2009F061C2F401E95FF14FE9
S11320A09081892F8770813009F08AC0EE2019F061
S11320B0987F908321C280910C08992794012770FE
S11320C0307002C0959587952A95E2F780FD12C07D
S11320D061E080E00E944F0636E0C32ED12CE12C53
S11320E0F12C05EB18E020E030E040E050E060E047
S11320F084E02BC2F401EE0FFF1FE80DF91DEE0F73
S1132100FF1F3296BF016B54774FE250F24F992470
S1132110EB01AA80BB24CC24DD24DC2CCB2CBA2CF0
S1132120AA242881332744275527522F44273327AD
S1132130222789819927AA27BB27DC019927882789
S1132140282B392B4A2B5B2B8B819927AA27BB275A
S1132150282B392B4A2B5B2BA22AB32AC42AD52A33
S1132160E280FF2400271127102F0F2DFE2CEE24D0
S11321702081332744275527522F442733272227EA
S113218081819927AA27BB27DC0199278827282B37
S1132190392B4A2B5B2B83819927AA27BB27282B12
S11321A0392B4A2B5B2BE22AF32A042B152BEA1436
S11321B0FB040C051D0510F471E0972E692D89C1EF
S11321C08AEF9FEFAFEFBFEFA80EB91ECA1EDB1E4A
S11321D0C601B5010E94B20EC1C140901F085090C3
S11321E0200860902108709022088BE090E0889E7F
S11321F0F001899EF00D989EF00D1124E853F74FDD
S113220021803280A380B480C580D680FF2009F06D
S1132210A5C1F401E95FF14F808183FF0FC0EE2077
S113222009F098C1CC24DD24760100E010E020E020
S113223030E040E050E060E083E087C160E08091FE
S11322400C089927A7E08A22992402C095958795BE
S11322508A94E2F780FF61E080E00E944F06C0911B
S1132260F80BD091F90B8E2D0E944006882309F4B7
S113227075C18AEF9FEFAFEFBFEFA80EB91ECA1E5C
S1132280DB1EFE0163E0EE0FFF1F6A95E1F7E05EDF
S1132290F14F80819181A281B381A816B906CA0643
S11322A0DB06A1F486819781AA27BB274816590625
S11322B06A067B0659F420E0848195812816390644
S11322C009F021E02127822F992702C080E090E0C5
S11322D00E94CB0C882309F441C10E943F0F3EC1E8
S11322E0FF2009F03BC1F401E95FF14FE081E770A1
S11322F0E13009F004C180910C08282F3327C40170
S11323008770907002C0359527958A95E2F7217001
S11323103070722FEE2009F06DC0F401EE0FFF1F34
S1132320222339F0E80DF91DEE0FFF1FEB54F74F90
S113233006C0E80DF91DEE0FFF1FE250F24F808139
S11323409927382F222781819927282B392BC217C7
S1132350D30709F04FC0772309F444C0F401EE0F0A
S1132360FF1FE80DF91DEE0FFF1F3296BF016B54DE
S1132370774FEB01EA80FF2400271127102F0F2D40
S1132380FE2CEE242881332744275527522F442737
S11323903327222789819927AA27BB27DC0199277C
S11323A08827282B392B4A2B5B2B8B819927AA272B
S11323B0BB27282B392B4A2B5B2BE22AF32A042B2D
S11323C0152BE250F24FE382BB27A12F902F8F2DC4
S11323D08283C801AA27BB278183E12EFF2400271B
S11323E01127E082F401E95FF14F8081887F8360E7
S11323F0808381C0C401880F991F880D991D880F9F
S1132400991F0296FC01EB54F74FEC01C250D24FD6
S113241066247724A280BB24CC24DD24DC2CCB2CA2
S1132420BA2CAA242081332744275527522F442726
S11324303327222781819927AA27BB27DC019927E3
S11324408827282B392B4A2B5B2B83819927AA2792
S1132450BB27282B392B4A2B5B2BA22AB32AC42A4D
S1132460D52AEA80FF2400271127102F0F2DFE2CD8
S1132470EE242881332744275527522F4427332716
S1132480222789819927AA27BB27DC019927882736
S1132490282B392B4A2B5B2B8B819927AA27BB2707
S11324A0282B392B4A2B5B2BE22AF32A042B152BDE
S11324B0EA14FB040C051D0518F461E0662E712C6A
S11324C0872F99276816790659F460E0772309F471
S11324D061E080E00E944F0680E00E947B0C3EC0D9
S11324E0F401E95FF14F8081887F856080831B82DE
S11324F01A821982188280E00E94810F2FC0E33073
S113250041F48E2D0E944006882341F10E941E0E44
S113251025C0EE20F9F4F401EE0FFF1FE80DF91DBC
S1132520EE0FFF1FE250F24FC1838D2F9927808356
S113253026E0C22ED12CE12CF12C0EEF1DE020E080
S113254030E040E050E060E081E00E94D70B06C03C
S1132550FF2021F46E2D80E00E948A0FDF91CF913D
S11325601F910F91FF90EF90DF90CF90BF90AF90AD
S11325709F908F907F906F905F904F903F902F909F
S11325800895282F8091AB084093AB08843009F15B
S1132590853038F4823051F0833080F4813051F545
S11325A00DC0853001F1883028F513C080910B02ED
S11325B08F3F01F1222389F4CB0108C080910B02E3
S11325C08F3FC1F0222349F480E090E00E949B14E5
S11325D0089580910B028F3F69F060E070E0822FD4
S11325E00E94BF0F089580910A028F3F19F0822F35
S11325F00E9483150895CF92DF92EF92FF920F937A
S11326001F932091B1083091B2086091E50A462FDA
S11326105527FA01EE0FFF1FE40FF51FDF01A75E38
S1132620B74F8D919C9111972817390709F0D3C0A2
S11326309091AB08953009F44DC0963080F49230F7
S113264009F493C0933020F4913009F0F7C072C0BC
S1132650933009F4A5C0943009F0F0C007C0983055
S113266008F447C09A3008F0E9C04EC08091230EA8
S11326709091240E81309105E1F08130910520F094
S1132680029709F0DBC010C080910808882309F084
S1132690BBC0E1E0CE2ED12CEE24FF2400E010E0FC
S11326A040E061E88BE0C8C0E55EF74F808184605C
S11326B08083FA01EE0FFF1FE40FF51FE55EF74F6D
S11326C080818260808340E060E070E080E00E946E
S11326D0C112B4C0E55EF74F808181FF9CC0809138
S11326E0230E9091240E8D939C9380818D7F808303
S11326F019C0E55EF74F808181FF8DC08695869570
S11327008695837059F08AC0FA01EE0FFF1FE40F1B
S1132710F51FE55EF74F808181FF7DC0983011F091
S1132720963011F480E074C01092AB08892F0E9497
S1132730251484C0E55EF74F808180FD65C0C0909C
S1132740DD0AD090DE0AE090BB08F090BC0800914E
S1132750230E1091240E662311F064ED01C066ED82
S113276020E030E042E082E067C0E55EF74F808120
S113277080FD4AC0E090BB08F090BC08C090DD0A20
S1132780D090DE0A0091230E1091240E662311F0DE
S113279064ED01C066ED20E030E042E083E04CC02F
S11327A0E55EF74F808180FD2FC0C090DD0AD09098
S11327B0DE0AE090BB08F090BC080091230E109153
S11327C0240E662311F064E801C067E820E030E0DD
S11327D040E084E031C0E55EF74F808181FF1BC09B
S11327E08695869586958370C9F48091AB0884306C
S11327F019F42D933C930DCF80910808882321F47C
S1132800662381F063E50FC085E08093160283E0C0
S11328100E94AF0513C00E940F0D10C0862F0E94A6
S1132820D70C0CC065E541E0C42ED12CEE24FF2466
S113283000E010E040E088E00E949D0C1F910F91A1
S1132840FF90EF90DF90CF9008958093AB08809134
S11328501B0881FD03C01092E50A0CC080911E087C
S113286081FD04C081E08093E50A04C080E00E94F9
S1132870AF0508958091E50A9927FC01EE0FFF1F2B
S1132880E80FF91FE55EF74F8081877E80830E9401
S1132890FB1208950F931F93E82F8093AB081093B6
S11328A0DE0A0093DD0A3093BC082093BB087093C2
S11328B0B2086093B1085093240E4093230E809184
S11328C0190890911A086817790719F41092E50A03
S11328D013C080911C0890911D086817790721F492
S11328E081E08093E50A08C090E08091E50A88239E
S11328F009F491E09093E50A6050784098F481E0FF
S11329000930180778F4E53051F081E04830580771
S113291048F4400F511F4950514020F407C0405023
S1132920584020F081E00E94AF0502C00E94FB12D3
S11329301F910F9108952F923F924F925F926F9241
S11329407F928F929F92AF92BF92CF92DF92EF923B
S1132950FF920F931F93CF93DF931C0140910B02BF
S1132960242F332760901F0870902008809021083E
S1132970909022088BE090E0289FE001299FD00DE1
S1132980389FD00D1124C853D74FAF80B884C98461
S1132990DA84A618B708C808D90849805A80A1144F
S11329A0B104C104D10429F4B10180E00E94BF0F35
S11329B04FC0EB80FC800D811E81E60CF71C081DC6
S11329C0191D9927812F702F6F2D842F0E94D407F2
S11329D0BC01A7015070E12C11E0F12EE41AF50AB4
S11329E0C701AA27BB27A816B906CA06DB0608F43E
S11329F075012881243051F0253071F0213089F49B
S1132A00460C571C8701920183E009C0460C571CF1
S1132A108701920181E003C08701910182E00E9455
S1132A204A1497014427552780911F089091200844
S1132A30A0912108B0912208820F931FA41FB51FF3
S1132A4080931F0890932008A0932108B093220834
S1132A50DF91CF911F910F91FF90EF90DF90CF9076
S1132A60BF90AF909F908F907F906F905F904F90AA
S1132A703F902F9008950F931F9340910B02242FA2
S1132A8033278BE090E0289FF001299FF00D389FB9
S1132A90F00D1124E853F74F8081823019F0833010
S1132AA0A9F410C060E070E0842F0E94D40700E015
S1132AB010E020E030E040E050E0BC0184E00E94FF
S1132AC04A1410C087E00E9425140CC081819281B1
S1132AD010921F08109220081092210810922208C8
S1132AE00E949B141F910F910895962F80930B02BF
S1132AF0662319F40E943B15089560E070E0892F65
S1132B000E94BF0F08950F931F93CF93DF93682FF5
S1132B10882331F080910A029FEF90930A0216C035
S1132B206091B3087091B40810910A02611571059F
S1132B3081F4E12FFF27E95FF14F8081887F846072
S1132B4080838FEF80930A0260E0812F0E947515C5
S1132B5033C0112319F484E190E002C080E090E0D6
S1132B60EC01D695C795615070407093B40860939A
S1132B70B308812F0E94D407AC01E12FE695E695B6
S1132B80E695FF27E45FF74F80819927177002C00D
S1132B90959587951A95E2F780FF04C0BA016C1BDE
S1132BA07D0B03C0BA016C0F7D1F00E010E020E034
S1132BB030E085E00E944A14DF91CF911F910F917C
S1132BC00895CF92DF92EF92FF920F931F93CF93CA
S1132BD0DF93853009F4C1C1863090F4823051F11D
S1132BE0833038F4882309F47BC1813009F02DC384
S1132BF01AC0833009F468C0843009F026C374C154
S1132C00883009F4D9C2893038F4863009F489C28D
S1132C10873009F01AC3CEC2893009F4D8C28A3089
S1132C2009F013C3F1C240E060E070E081E00E946B
S1132C30C1120BC38091160290911E0820911B08AB
S1132C408630B1F55D9A5D980000000089B1139A51
S1132C509E7F90931E082E7F20931B0810920808D5
S1132C6090E082FF91E08091E30A992359F099273B
S1132C70FC01EE0FFF1FE80FF91FE55EF74F80819F
S1132C80877ECDC09927FC01EE0FFF1FE80FF91FC7
S1132C90E55EF74F2081822F869586958695837011
S1132CA0992702971CF42D7F20830BC04AE0BCCFE8
S1132CB0139A9E7F90931E082E7F20931B081092D8
S1132CC008080E94FB12C1C280911602855082300E
S1132CD008F55D98139887ED0E94E1075D9882E0FE
S1132CE090E0019701960197E1F710C020E030E0F1
S1132CF0E2E0F0E05D9A5D98CF01019701960197BB
S1132D00E1F72F5F3F4F28303105A1F74A9BEECF03
S1132D1082E0BDC0E090BF08F090C0088091F40B41
S1132D209091F50B892B09F443C08091BD08082FBD
S1132D3011270C5F1F4F5D98139860E0CC24C1E10C
S1132D40DEE031E0D32E83E0D81641F4C7010E94BF
S1132D50EE067C010150104029F529C081E0D81607
S1132D6079F4C8800150104091F4D0901602C091BB
S1132D70BF08D091C0080091F40B1091F50B12C05C
S1132D8082E0D81631F468830150104081F0219616
S1132D9009C084E0D81659F40115110541F0C99011
S1132DA0015010408C2D0E94E107682FCCCF139A5C
S1132DB080911602109216028830C1F0893048F4CE
S1132DC0833081F0843009F47EC0823009F03DC242
S1132DD087C08A3009F441C08A3018F18B3009F079
S1132DE034C258C040E0B70180E021CF81E0809335
S1132DF008088091E50A9927FC01EE0FFF1FE80FF0
S1132E00F91FDF01A75EB74F8091B1089091B20816
S1132E108D939C93E55EF74F808183608B7F8083E5
S1132E2050CF81E0809308088091E50A9927FC013E
S1132E30EE0FFF1FE80FF91FE55EF74F90819360D7
S1132E40892F8695869586958F5F8370880F880F66
S1132E50880F937E982B908334CF81E08093080869
S1132E608091E30A9927FC01EE0FFF1FE80FF91F79
S1132E70E55EF74F8081816080838AE090E001976E
S1132E8001960197E1F786E08093160283E00E94A1
S1132E90AF05DBC181E0809308088091E50A99279A
S1132EA0FC01EE0FFF1FE80FF91FDF01A75EB74F0C
S1132EB08091B1089091B2088D939C93E55EF74F91
S1132EC0808186600CC08091E50A9927FC01EE0F91
S1132ED0FF1FE80FF91FE55EF74F8081857E808331
S1132EE040E060E070E080CF2FB7F8943327809102
S1132EF0040E80930E0283E0809317022FBF80910B
S1132F000E02882309F0A1C110920B028091C80817
S1132F10813001F58091070E83FD1CC060E0809133
S1132F200C0880FF61E080E00E944F068091070E4C
S1132F308770833079F410920A028AE090E09093CB
S1132F40B4088093B30880E00E9483158FEF8093C8
S1132F500B027BC10E943B1578C18FB7F894109285
S1132F60270E2091F70B40E0283009F441E030E0CF
S1132F70293009F431E0442311F4332351F0109241
S1132F80F70BE091E40AFF27EE0FFF1FEC53F74F16
S1132F90108299278FBF442311F4332331F19FB753
S1132FA0F8948091220E8F5F8093220E8091C10845
S1132FB0833479F42091D40A8091D30A821779F06A
S1132FC0822F8F5F8093D40A863048F01092D40AFF
S1132FD006C0A0E0442309F4A1E071E002C0A0E02F
S1132FE070E0892F99278FBF06C0222311F010E0CB
S1132FF06CC0A0E070E08FB7F89499272091180274
S11330008FBF222341F08FB7F89499272AE02093A9
S1133010F70B8FBF42C08FB7F89499276091C4080B
S11330204091C6088FBF8FB7F894282F332750E0FC
S11330309091D30A8091D40A981709F451E02FBFD4
S1133040552341F5662331F55FB7F89482E0809308
S1133050C4088FB7F894282F332740E09091D30AFF
S11330608091D40A981709F441E02FBF442311F04A
S113307080E006C0E091D40AFF27ED52F54F82812B
S11330808093C50883E48093C1081092E40A852FD5
S113309099270EC04150423010F010E00BC08FB79A
S11330A0F894992725E42093C10821E02093E40AA9
S11330B08FBF11E0772349F08FB7F8949927A09335
S11330C021028FBF89E00E94AF058FB7F894C82F03
S11330D0DD278091F70B8A3021F40E948706CFBF49
S11330E0B4C0CFBF112309F4B0C02FB7F89433276D
S11330F010924A11109249111092BE0881E08093F7
S1133100F70B2FBF0E94DA06882309F49EC08FB7FD
S1133110F894992729E02093F70B8FBF0E94D605D6
S113312094C08091C1008F7B8093C1008091C100C5
S11331308F778093C1001092F60B1092AF088091A4
S1133140C10088608093C1008091C1008061809338
S1133150C1008091C10080688093C1008FB7F8944A
S113316099271092F70B1092AC088FBF9091070E1D
S1133170892F877019F081E090E019C0987F9160E1
S11331809093070E60E080E00E944F0666E0C62E32
S1133190D12CE12CF12C0EEF1DE020E030E040E0DA
S11331A050E060E084E00E94D70B80E090E00E9451
S11331B040064BC088E06BCE8091C100877F80932E
S11331C0C1008091C1008F7E8093C1003EC01092E7
S11331D01E0210921D028FB7F894992720912102A4
S11331E08FBF80912202811123E0E0911B02F091B4
S11331F01C0280912302882341F583858B3829F5AD
S1133200222319F1129821C08FB7F894992720919D
S113321026023091270240910B088FBF8FB7F89494
S1133220E42FFF27EE0FFF1FE05FFD4F3183208364
S113323020911902442311F02B7F01C02D7F20938C
S113324019021092240299278FBFDF91CF911F9109
S11332500F91FF90EF90DF90CF90089580911F0E13
S11332608F3FB1F0282F3327F901E35FF74F8081B7
S113327080931F0E8F3F11F4809348118FEF80834A
S11332802F3F31F0822F0E94E11581E090E00895F4
S113329080E090E00895FF920F931F93CF93DF9304
S11332A0FFB6F89414BE88E10FB6F89480936000DA
S11332B0109260000FBE4BE050E06FEF70E08DE0C5
S11332C098E00E942B1B8FEF80931F0E8093481170
S11332D081E08093810080E28093B60083E0809354
S11332E0B10080918400909185004AE72091840088
S11332F0309185002817390708F44150442311F010
S1133300C901F4CF9091B2008091B2008917E1F322
S113331020918400309185009091B2008091B20098
S11333208917E1F38091840090918500821B930BAF
S11333304096F5E096958795FA95E1F79093210EDE
S11333408093200E1092B1008091B100809381008F
S1133350809181008093B6001092B2001092850093
S1133360109284008FEF87BB87B386BB8091B60031
S11333708571E1F70A9A099A089A129A119A109A91
S113338018B88FEF87B90C98149810929500109282
S1133390940080917100816080937100809191000C
S11333A0887F8260809391000B9A139A5D98559A56
S11333B05B9A539A5A9852980E942E198823E1F7DF
S11333C012E006E06091200E7091210E8827992763
S11333D0ECE0660F771F881F991FEA95D1F720E06C
S11333E031EE40E050E00E94F31A21503040209327
S11333F0C400832F99278093C5001093C0000093C5
S1133400C2001092C1002093CC008093CD00109391
S1133410C8000093CA001092C90084E490E090931D
S11334200E0E80930D0E1092C4081092C6088AE006
S11334308093F70B1092BE081092C1081092220ECE
S113344010924A11109249111092270E1092E40A18
S11334501092090E1092080E84E08093AC0810922A
S1133460FD0D10921A0E1092B0081092E00A1092FC
S1133470DF0A1092D40A1092D30A8FEF80932308A4
S11334801092AB0881E08093080880E098E0909364
S11334901D0880931C0890931A0880931908809142
S11334A01E0890911B08827E927E826080931E0883
S11334B0926090931B080E942E198823E1F78F2DA8
S11334C099278FBF789480E090E00E94FC06C3EDBA
S11334D0D8E00E942C07892F9927888322968AE0B6
S11334E0C33DD807B1F78FB7F894282F3327922F0D
S11334F08091F70B8A3031F08091AC08843011F060
S11335002FBF04C09FBF86E00E94AF058FB7F89419
S1133510482F552739C080916E00867009F5809137
S11335206F008E72E9F4809171008E72C9F40CB44C
S113353007FC16C08091C100887191F48091C90084
S1133540887171F48091BC0082FD0AC080917A0078
S113355087FF03C0E1E0F0E005C0E5E0F0E002C071
S1133560E0E0F0E083B7E63008F0E5E0FF27E4535D
S1133570FD4FE491807F8160E82BE3BF78948895C8
S1133580F89483B78E7F83BF80911F0E8F3F09F419
S1133590C2CF282F3327F901E35FF74F808180934F
S11335A01F0E8F3F11F4809348118FEF80832F3FBC
S11335B009F4B1CF4FBF822F0E94E115A7CFAA1BF8
S11335C0BB1B51E107C0AA1FBB1FA617B70710F00A
S11335D0A61BB70B881F991F5A95A9F7809590953C
S11335E0BC01CD010895A1E21A2EAA1BBB1BFD014B
S11335F00DC0AA1FBB1FEE1FFF1FA217B307E407CE
S1133600F50720F0A21BB30BE40BF50B661F771F25
S1133610881F991F1A9469F7609570958095909505
S11336209B01AC01BD01CF010895FB01DC0104C085
S11336308D910190801921F441505040C8F7881BA6
S1133640990B0895FB01DC0102C001900D924150D9
S11336505040D8F70895DC0101C06D9341505040AB
S1093660E0F70895FFCF1E
S113366601000200010200010201FFFFFFFF01FF4A
S1093676E60A6D0BE60AF2
S9030000FC
