S01700006275696C642F697269732F6D61696E2E7372656343
S11300000C9469000C9488000C9488000C9488006B
S11300100C9488000C9488000C9488000C9488003C
S11300200C9488000C9488000C9488000C9488002C
S11300300C9488000C945E080C9488000C9463075C
S11300400C942E100C9464100C941A080C9425082B
S11300500C9430080C9488000C9488000C9488004C
S11300600C9477070C9488000C9488000C948800F6
S11300700C9488000C9488000C9488000C948800DC
S11300800C9488000C9488000C9488000C948800CC
S11300900C9488000C9488000C9488000C948800BC
S11300A00C9488000C9488000C9488000C948800AC
S11300B00C9488000C9488000C9488000C9488009C
S11300C00C9488000C9488000C94880000020E069E
S11300D00C0411241FBECFEFD1E2DEBFCDBF12E06E
S11300E0A0E0B2E0E6EBF5E300E00BBF02C007904E
S11300F00D92AE30B107D9F71BE0AEE0B2E001C01B
S11301001D92A63CB107E1F70E9449170C94DA1A34
S11301100C940000FC0120E030E007C08281938150
S1130120280F391F0480F581E02D3097B9F7C901F4
S11301300895FB0151834083338322839583848311
S11301400895CF92DF92EF92FF920F931F93CF9374
S1130150DF938C01FB017A01690105C0E81BF90BEF
S1130160E8010C811D81E8018A819B81E817F90768
S1130170A8F71CC0E8018A819B818E1B9F0BE701B5
S11301808E159F0508F4EC01D8018D919C91AE0168
S1130190B6018E0F9F1F0E94CA1ACC0EDD1EEC1AE8
S11301A0FD0AE8010C811D81E0E0F0E00115110574
S11301B019F01E141F04F4F280E090E0DF91CF9157
S11301C01F910F91FF90EF90DF90CF9008954F9281
S11301D05F926F927F928F929F92AF92BF92CF92D3
S11301E0DF92EF92FF920F931F93CF93DF938C01D3
S11301F04B015A013901CC24DD2404C06C01F801FF
S1130200048115810115110519F44424552436C0BF
S1130210F801828193818C0D9D1D8816990670F7D3
S11302204424552428C07401EC18FD08F801828187
S113023093818E199F09E5018A159B0508F4EC0149
S1130240F801608171816E0D7F1DAE01C3010E94B2
S1130250CA1A4C0E5D1EF8010481158101151105A1
S113026069F0CE0CDF1CCC0EDD1E8C0E9D1EAC1A6C
S1130270BD0A6C0E7D1E1A141B04ACF2C201DF9180
S1130280CF911F910F91FF90EF90DF90CF90BF908F
S1130290AF909F908F907F906F905F904F90089554
S11302A0EF92FF920F931F93CF93DF93FC0120E013
S11302B030E040E050E0A0E0B0E02EC06281738105
S11302C06115710531F1C081D18100E010E01EC0DB
S11302D0888100FD0BC09927982F8827A82BB92B5C
S11302E0C80101968617970771F403C09927A82BB4
S11302F0B92B7D01C701AA27BB27280F391F4A1F25
S11303005B1FA0E0B0E00F5F1F4F21960617170791
S1130310F9F60480F581E02D309781F60BC0DA01FF
S1130320C901A070B0709A0144275527280F391FBE
S11303304A1F5B1F203080E0380781E0480780E0D7
S1130340580768F7C90180959095DF91CF911F9167
S11303500F91FF90EF900895EF92FF920F931F93E8
S1130360CF93DF93CDB7DEB76A970FB6F894DEBFAD
S11303700FBECDBFE42E08969A87898740E150E0EE
S11303805C874B879E01215F3F4F3E872D874096B8
S1130390988B8F875A8B498BCE0145969C8B8B8B80
S11303A0CE0101969E8B8D8B88E090E0988F8F8B89
S11303B07A8F698FCB010E948A00AA2797FDA095A6
S11303C0BA2FBC01CD010E94530369837A838B83C6
S11303D09C83FF2400271127C801B7010E945303FF
S11303E06D837E838F839887CE0109960E94500186
S11303F06A960FB6F894DEBF0FBECDBFDF91CF91E2
S11304001F910F91FF90EF9008958CED95E09093DC
S11304101502809314020895A4E1B2E004969C01AD
S113042021703070280F391F02C0A40FB51F8D91A1
S11304309C911197AC015F704217530710F097FF1E
S113044006C0CD01845192408C5D954074F387E0E1
S1130450A03FB80718F080E090E00895C901029722
S11304609C013F70306811963C932E93FD01E80F78
S1130470F91F481B590B5F7051834083CD010296CD
S11304800895CF93DF939C01E4E1F2E0C0E0D0E073
S113049006C0808191819F70EF01E80FF91FCF01A1
S11304A002968217930739F0CF01845192408C5DF4
S11304B095407CF327C0808191819C013F70DF01CE
S11304C0A20FB31F9F7791838083CD018451924003
S11304D08C5D95404CF48D919C9197FD05C09F7067
S11304E0280F391F31832083209761F028813981B7
S11304F037FD08C03F70808191819F70280F391F9C
S113050039832883DF91CF910895E4E1F2E040E05C
S113051050E00BC02081318137FD04C0C9019F70B8
S1130520480F591F3F70E20FF31FCF0184519240CF
S11305308C5D95407CF3CA0108956F927F928F92EF
S11305409F92AF92BF92CF92DF92EF92FF920F935E
S11305501F93CF93DF93FB015A018B01040F151FE7
S1130560DC01CC24DD2440E050E07AE398EF692EEE
S11305709FEF792E600E711E6E167F0608F460C020
S1130580ED01E980FC9024E030E08FEF882E982E76
S1130590CCE0D0E0C401022E02C0969587950A945F
S11305A0E2F78E159F0530F042305105B1F4203149
S11305B0310599F4C7010C2E02C0969587950A94CB
S11305C0E2F7682F6F708F7090700A9718F4862F77
S11305D0805D02C0862F895A81932C5F3F4F2497F8
S11305E024313105B9F68D919C911197892B21F510
S11305F04115510559F471938D919C911197892B53
S113060019F441E050E002C042E050E087E0C8162F
S1130610D10424F44130510509F071930894C11CAC
S1130620D11C129688E0C816D10409F0A5CF413038
S1130630510531F4719304C04130510539F7E4CFC9
S113064011920A191B09CF01801B910BDF91CF91E5
S11306501F910F91FF90EF90DF90CF90BF90AF90DC
S11306609F908F907F906F900895DC018C918370A0
S1130670823021F4FD012181328113C0833019F0CD
S113068020E030E00EC0FD01319620E030E0AD0105
S1130690475F5F4F81919191280F391FE417F50748
S11306A0C9F7C9010895EF92FF920F931F93FB01BD
S11306B0BC01882799272F2F3E2F44275527A901AE
S11306C033272227E72EF62E002711272E293F292C
S11306D0402B512BCA01B9011F910F91FF90EF904C
S11306E008959C01DB01FC0104C08D91819341506C
S11306F0504041155105C9F7C90108958F929F9241
S1130700AF92BF92CF92DF92EF92FF920F931F931B
S1130710CF93DF936C014B01892B09F4A3C06115BE
S1130720710509F49FC080E1EB0119928A95E9F7FC
S1130730D60160E070E090E046C02A3301F1822FD8
S113074080538A3030F4332727FD309520533040CE
S11307500EC0422F552747FD50952154263020F4D2
S11307609A012753304003C09A012755304044E092
S1130770660F771F4A95E1F7622B732B0DC0E92FA3
S1130780FF27EE0FFF1FE80DF91D072F162F11830A
S113079000839F5F60E070E0FD013196ED012981E7
S11307A0222359F4E92FFF27EE0FFF1FE80DF91D4F
S11307B0E72EF62EF182E08255C08C918A3311F433
S11307C02A3341F0DF012C91222309F0B6CFFD0139
S11307D001C0319680818823E1F7DF01119760E041
S11307E070E017E090E03BC02C912A3311F1822F86
S11307F080538A3030F4332727FD3095205330401E
S11308000EC0422F552747FD50952154263020F421
S11308109A012753304003C09A0127553040092ECE
S113082002C0220F331F0A94E2F7622B732B9C5FE2
S11308300EC0E12FFF27EE0FFF1FE80DF91DA72EB5
S1130840B62EB182A082115060E070E090E0119762
S1130850FD0181818A3319F48C918A3319F0CA1607
S1130860DB0610F2DF91CF911F910F91FF90EF9073
S1130870DF90CF90BF90AF909F908F900895FC0130
S11308807183608353834283358324830895CF9295
S1130890DF92EF92FF920F931F93CF93DF938C011C
S11308A06B01EE24FF241AC0F80182819381E89E33
S11308B0E001E99ED00DF89ED00D11248081918134
S11308C0C80FD91FCE01F6010995FFEF8F3F9F078F
S11308D059F0019759F00894E11CF11CF801848146
S11308E09581E816F90600F3C0E0D0E0CE01DF916F
S11308F0CF911F910F91FF90EF90DF90CF900895CB
S1130900EF92FF920F931F93CF93DF93EC017B0140
S113091000E010E012C08A819B819C01029FC0010B
S1130920039F900D129F900D112428813981820F0D
S1130930931FF70109950F5F1F4F8C819D81081745
S1130940190748F3DF91CF911F910F91FF90EF901A
S113095008958FB7F894992708958FBF0895282F85
S11309609FB7F894E82FFF27EF56F74F80818F3F0A
S113097081F4E091BE0BE21771F40BC020930E0AD0
S113098004C0FF27EF56F74F20832093BE0B20E0CF
S113099007C025E005C080910E0A8F3F91F7EECF86
S11309A0892F99278FBF822F99270895882319F0BB
S11309B08CB5806402C08CB58F7B8CBD0895882370
S11309C019F08CB5806802C08CB58F778CBD089502
S11309D00F931F9380E00E94D6040FB7F894112759
S11309E0229A2398219A209A8CB580618CBD80E04C
S11309F00E94DF048CB5877F8CBD8CB58B7F8CBD4A
S1130A0081E00E94D6048DB581608DBD8CB58C7F4C
S1130A108CBD0FBF1F910F9108950F931F93CF9318
S1130A20DF93182F0FB7F89480911302882311F4E1
S1130A300E94E804802F99278FBF8FB7F894C82F9E
S1130A40DD272C2F80911302882361F481E08093A9
S1130A5013021093B3088BE00E94AF04CFBF80E071
S1130A6090E021C0E12FFF27EE54F74F80818F3FA4
S1130A7089F4E0910B02E11789F40CC010930A0287
S1130A8004C0FF27EE54F74F108310930B0280E04D
S1130A9090E002C085E090E02FBF05C080910A027B
S1130AA08F3F79F7EBCFDF91CF911F910F9108958D
S1130AB0FB01EA57FF4F21E030E002C0220F331F51
S1130AC08A95E2F78081822B808308958FB7F8940A
S1130AD02091CC093091CD094091CE095091CF0994
S1130AE0E0918400F0918500B09B08C02F5F3F4FD8
S1130AF04F4F5F4FE0918400F091850099278FBF9D
S1130B00C901772766279F0144275527622B732B3A
S1130B10842B952B0895FC0182819927982F88278F
S1130B2021813327822B932B25E0969587952A954F
S1130B30E1F7817090700895FC0140E050E08281FB
S1130B409927982F882721813327822B932B877409
S1130B509C7C8154984811F441E050E0CA01089506
S1130B60FC0187819927982F882726813327822B98
S1130B70932B0895AC01EFB7F89420918400309141
S1130B808500C901841B950B03968617970720F0EF
S1130B90B9016D5F7F4F02C0640F751F6115710548
S1130BA011F461E070E061507040709389006093CB
S1130BB0880082E086BB80916F00826080936F0022
S1130BC08E2F99278FBF08958093160A882311F4D6
S1130BD084E001C081E08093A70886E00E94AF040E
S1130BE0089520E030E0FC0181818770823011F4A7
S1130BF021E030E0C9010895CF93DF93EC010E9416
S1130C008B058823D1F0CE010E949C058823A9F08E
S1130C10CE010E94B0052FB7F89433274091020209
S1130C20509103022FBF20E08417950709F021E0BB
S1130C3081E02827822F992702C080E090E0DF918D
S1130C40CF910895FB01EA57FF4F21E030E002C045
S1130C50220F331F8A95E2F7808182239927089512
S1130C60EF92FF920F931F937C018FB7F89499270B
S1130C700091F5091091F6090F5E1E4F1093F609C5
S1130C800093F509015111408FBF88E00E94AF0421
S1130C90C801B7010E94601A8A5D9E4F1F910F918F
S1130CA0FF90EF900895EF920F931F93AE2D99E06C
S1130CB0899FF0011124E053F64F408351836283EE
S1130CC073830483158326833783A17080858E7F85
S1130CD08A2B8260808783E00E94AF041F910F916A
S1130CE0EF9008957FB7F8946091B20020918C083A
S1130CF030918D0840918E0850918F08B99B11C096
S1130D008091B3009091B200280F311D411D511DF7
S1130D102F5F3F4F4F4F5F4F290F311D411D511D15
S1130D2004C0260F311D411D511D872F99278FBFE8
S1130D30CA01B9010895CF93DF93FC01DC01119638
S1130D402181662351F0ED0189819927982F882705
S1130D5033272062822B932B09C0ED0189819927C7
S1130D60982F88273327822B932B8F7D8183892F7C
S1130D7099278983DF91CF910895DF92EF92FF92B3
S1130D800F931F938FB7F894282F3327D22E909167
S1130D90B3008091B20047B3981711F041FF02C02D
S1130DA02FBF71C08091A9088823E1F10E947206C7
S1130DB0E090FC07F090FD070091FE071091FF07FB
S1130DC02091120A3091130A4091140A5091150A85
S1130DD06E197F09800B910B6217730784079507BF
S1130DE020F01092A90871E01EC02E0D3F1D401F77
S1130DF0511F80918C0890918D08A0918E08B0911C
S1130E008F08281B390B4A0B5B0B273E3105410524
S1130E10510540F4822F223010F070E005C070E0DC
S1130E2082E002C070E086EE682F61508091B600C7
S1130E3083FDFCCF8091B200681709F46F5F2091A5
S1130E408C0830918D0840918E0850918F08DA01FA
S1130E50C9010196A11DB11D860F911DA11DB11DD2
S1130E6082179307A407B50710F4622F6095809149
S1130E70B60083FDFCCF6093B300DFBE772319F087
S1130E8082E00E94AF041F910F91FF90EF90DF90DA
S1130E900895AFB7F894BB27E1E0E093A908609305
S1130EA0FC077093FD078093FE079093FF07209340
S1130EB0120A3093130A4093140A5093150AAFBFD1
S1130EC00E94BD0608951F920F920FB60F9211242F
S1130ED08F938091B0008093B0008091B60081FD23
S1130EE0FCCF8F910F900FBE0F901F9018951F92FB
S1130EF00F920FB60F9211240F931F932F933F93CA
S1130F004F935F936F937F938F939F93AF93BF930D
S1130F10CF93DF93EF93FF932EB5E091EB09F0911C
S1130F20EC09309739F08091C8099091C909E80F0C
S1130F30F91F20838091C8099091C9090196909363
S1130F40C9098093C80980E00E94DF04C091C809E0
S1130F50D091C9092091F2073091F307C217D30742
S1130F6008F042C00091B20B1091B30B4091EB0911
S1130F705091EC09CE010A962817390708F4C901E3
S1130F80DA01AC0FBD1FF801EC0FFD1F9C012150CD
S1130F90304015C00115110531F080818EBD0DB4AE
S1130FA007FEFDCF04C01EBC0DB407FEFDCF8EB5F9
S1130FB04115510509F08C93219611963196C2176B
S1130FC0D30740F381E00E94DF040115110531F0DD
S1130FD00C0F1D1FF80180818EBD01C01EBCD09373
S1130FE0C909C093C80911C01092EC091092EB0909
S1130FF01092B30B1092B20B1092F3071092F207F7
S11310001092C9091092C8098EB5FF91EF91DF9132
S1131010CF91BF91AF919F918F917F916F915F918C
S11310204F913F912F911F910F910F900FBE0F90F1
S11310301F90189578941F920F920FB60F92112457
S11310400F900FBE0F901F90189578941F920F92D7
S11310500FB60F9211240F900FBE0F901F9018958A
S113106078941F920F920FB60F9211242F933F93EF
S11310708F939F93AF93BF932FB7F89433278091A7
S1131080CC099091CD09A091CE09B091CF090196D8
S1131090A11DB11D8093CC099093CD09A093CE09D5
S11310A0B093CF092FBFBF91AF919F918F913F9183
S11310B02F910F900FBE0F901F9018951F920F92B3
S11310C00FB60F9211242F933F934F935F936F9317
S11310D07F938F939F93AF93BF93EF93FF938091ED
S11310E0B0008093B0008091B60081FDFCCF809168
S11310F0B30099270196AA27BB2720918C08309129
S11311008D0840918E0850918F08280F391F4A1F6F
S11311105B1F20938C0830938D0840938E08509366
S11311208F0878940E94BD06FF91EF91BF91AF9113
S11311309F918F917F916F915F914F913F912F91EB
S11311400F900FBE0F901F90189521E02093B408C4
S11311502093ED092091840030918500BC01C901E0
S11311600E94BA0508958FB7F894282F3327922F39
S113117080910C02882331F480911302823011F49F
S11311802FBF13C09FBF8FB7F894282F33278091A8
S11311901302882369F482E08093130210920C02F4
S11311A02FBF0E94E804209A289A81E090E00895D5
S11311B02FBF80E00E940D0580E090E008951F930A
S11311C0982F1FB7F89480910F02823099F580917F
S11311D00702891779F58091050220E030E08F3FFE
S11311E011F421E030E0232BF1F49FEF90930702F8
S11311F08F3F19F42FEF30E00DC0282F3327F9016A
S1131200ED55F74F8081809305028F3F11F4909341
S1131210060290832093A00881E080930F0280E06F
S11312200E94AF0405C08FEF8093070210920F0253
S113123021E001C020E0812F99278FBF90E0213069
S113124009F491E081E09827892F99271F91089547
S11312500F931F93982F1FB7F89480911302823035
S113126099F580910C02891779F580910A0220E0A2
S113127030E08F3F11F421E030E0232BF1F49FEFB5
S113128090930C028F3F19F42FEF30E00DC0282FFC
S11312903327F901EE54F74F808180930A028F3F80
S11312A011F490930B0290832093B30881E0809310
S11312B013028BE00E94AF0405C08FEF80930C02F1
S11312C01092130201E001C000E0812F99278FBF23
S11312D01FB7F89480911302882311F40E94D60456
S11312E0812F99278FBF90E0013009F491E081E0CC
S11312F09827892F99271F910F9108958091A70806
S1131300823031F481E08093A70886E00E94AF0424
S113131008953F924F925F926F927F928F929F9225
S1131320AF92BF92CF92DF92EF92FF920F931F93EF
S1131330CF93DF93EC018091F107882309F081C1F9
S11313408091B40B853009F07CC10E94B3088823D6
S113135009F477C18091FF09882309F072C1BE01A5
S113136082E00E942206882311F490E006C0C95747
S1131370DF4F9981C758D0409F7080913E099817DC
S113138081F090933E09289885EC8EBD0DB407FE3C
S1131390FDCF8EB590689EBD0DB407FEFDCF8EB512
S11313A0289ACE010E949C05882301F1289886E89A
S11313B08EBD0DB407FEFDCF8EB51EBC0DB407FE69
S11313C0FDCF8EB5289A99278F7190702091AF0820
S11313D04091A408240F312D311D43E03595279504
S11313E04A95E1F7281739070CF42BC1289882ECA9
S11313F08EBD0DB407FEFDCF8EB589E08EBD0DB454
S113140007FEFDCF8EB5289A0E9466057B018C01EC
S1131410BE0184E00E942206882319F4E0E0F0E093
S113142005C088818550FE01E80FF11D289881E8E8
S11314308EBD0DB407FEFDCF8EB51EBC0DB407FEE8
S1131440FDCF8EB5289A8F71893079F0289882EC77
S11314508EBD0DB407FEFDCF8EB586E08EBD0DB4F6
S113146007FEFDCF8EB5289AECC08FB7F894992764
S11314702F9A20918400309185008FBF2F9828984F
S113148080E68EBD98810DB407FEFDCF8EB59EBD5E
S11314908EEF382E390E86E0831510F0632D01C0CF
S11314A067E0AE014F5F5F4FDA01962F7D910DB477
S11314B007FEFDCF8EB57EBD9150C1F761502A0164
S11314C0460E511C6F5F0894411C511C2E193F0994
S11314D02E553F4F3901882477FC8094982C6E0C4C
S11314E07F1C801E911E309719F4932D961B45C0C6
S11314F02081E1808281A3809927AA27BB27BA2F64
S1131500A92F982F8827332744275527522F44275C
S113151033272227FF24002711278701FF24EE24E5
S11315202E293F29402B512BBB24CC24DD242A29EE
S11315303B294C295D29822B932BA42BB52B86198F
S11315409709A809B9098383292F3A2F4B2F5527C7
S113155022839D014427552721838B2F9927AA276E
S1131560BB278083C2CFD2012C910DB407FEFDCFDF
S11315700894411C511C8EB52EBD9150A0F70DB49A
S113158007FEFDCF8EB5289A289882EC8EBD0DB447
S113159007FEFDCF8EB586E08EBD0DB407FEFDCFF0
S11315A08EB5289A3097D1F12081E1808281A38081
S11315B09927AA27BB27BA2FA92F982F8827332723
S11315C044275527522F442733272227FF24002757
S11315D011278701FF24EE242E293F29402B512B6C
S11315E0BB24CC24DD242A293B294C295D29822BC8
S11315F0932BA42BB52B860D971DA81DB91D838392
S1131600292F3A2F4B2F552722839D0144275527F5
S113161021838B2F9927AA27BB278083BE0181E0D2
S11316200E945805CE57DF4F688279828A829B8256
S113163086E08093B40B84E08093F10780E090E02F
S113164002C085E090E0DF91CF911F910F91FF9050
S1131650EF90DF90CF90BF90AF909F908F907F904E
S11316606F905F904F903F900895AF92BF92CF924A
S1131670DF92EF92FF920F931F93CF93DF938091AA
S1131680FF09882309F4FFC00E94B308882309F4E2
S1131690FAC08FB7F8949927C091B008D091B108D7
S11316A08FBF1092FF0928988FE88EBD0DB407FEF6
S11316B0FDCF8EB51EBC0DB407FEFDCF8EB5289AA6
S11316C0982F8091F107833011F0873031F485E051
S11316D08093B40B88E08093F107A92EBB24A2FE6B
S11316E06DC08091F107863019F41092F10703C0A0
S11316F0882309F063C0943009F04BC0289886E829
S11317008EBD0DB407FEFDCF8EB51EBC0DB407FE15
S1131710FDCFFEB4289A2FE1F2228091A408982FDD
S1131720969596953F2D391B830F8093A4080091BD
S1131730000810910108F801EA57FF4F80818B7F60
S11317408083B80183E00E94580509571F4FF801B0
S1131750F1820E9466056B017C01009100081091E2
S11317600108B80181E00E9458050E571F4FCC199B
S1131770DD092797CE01AA2797FDA095BA2F8C0DD6
S11317809D1DAE1DBF1DF80180839183A283B38389
S113179012C0E0910008F0910108EA57FF4F8081E0
S11317A0877F8083E0910008F0910108EA57FF4F9A
S11317B080818D7F808385E08093F107A3FE63C0E1
S11317C08091F107843009F041C085E08093B40B27
S11317D01092F10780918B08833019F410928B08D2
S11317E052C00091BF0B1091C00BC8010E948B0521
S11317F0882321F1C8010E949C058823F9F0C801BF
S11318000E94B0058F5F9F4FC9F090E08091ED0971
S1131810882309F491E0992389F012E01093B40825
S113182081E08093ED09809184009091850069E9BD
S113183073E00E94BA0510938B0825C010928B08A0
S11318401092A80880E00E94E4051DC08530D9F4F8
S11318502091AF08289886E88EBD0DB407FEFDCF11
S11318608EB51EBC0DB407FEFDCF8EB5289A8F71C0
S1131870922F96959695891B280F2093AF0889E09F
S11318808093F10708C09091F107992309F4E2C20B
S1131890993009F00FC2289880E28EBD0DB407FE7E
S11318A0FDCF8EB51EBC0DB407FEFDCF8EB5482FFF
S11318B05527433008F495C3842F99278E37910513
S11318C00CF08FC31EBCE0910008F0910108408326
S11318D0042F0250073010F4102F01C017E09F01AD
S11318E02F5F3F4F912FF901EE24FF240DB407FE23
S11318F0FDCF8EB51EBC80838191A7014827042E9D
S11319004295407F4025052E542F42954F70042662
S1131910469554274527440F440F440F40257A0128
S1131920915021F71150E901C10FD11D1F5F21967C
S113193080910008909101080E94F105882349F0E4
S113194020E030E080918B08823081F421E030E0A7
S11319500DC08FB7F894282F332790E08091F909B0
S1131960833008F491E02FBF292F3327232B09F468
S113197061C0902F911B1AC00DB407FEFDCF8EB528
S11319801EBC88838991F701E8270E2EE295E07F3B
S1131990E0250F2EFE2FE295EF700E26E695FE272A
S11319A0EF27EE0FEE0FEE0FE0257F01915020F7A9
S11319B00DB407FEFDCF8EB51EBC97012827022E5D
S11319C02295207F2025032E322F22952F70022668
S11319D0269532272327220F220F220F20250DB40C
S11319E007FEFDCF8EB51EBC2827022E2295207F30
S11319F02025032E322F22952F700226269532277A
S1131A002327220F220F220F20250DB407FEFDCF1E
S1131A108EB5E0910008F0910108E957FF4F8083EB
S1131A20289A15E01093B40B1092F107232B09F0B8
S1131A300DC205C00DB407FEFDCF8EB5D2C2C09154
S1131A400008D0910108CE010E94F10590918B0805
S1131A50882321F1923009F028C19B81E091BF0BCA
S1131A60F091C00B8381981709F01FC18981877099
S1131A70823009F01AC180916F008D7F80936F00CE
S1131A801092ED09BF0180E00E94580510928B0866
S1131A901092A80880E00E94E40507C19923C1F4CC
S1131AA0CE010E94FC05882399F010933F0982E03F
S1131AB080934009109241098B81809342098FE3FE
S1131AC099E00E948909882319F483E080938B08A4
S1131AD00091840010918500CE010E94FC058823AA
S1131AE011F0045E1C4F1093CB090093CA09809136
S1131AF08400909185009801281B390B1216130657
S1131B00A4F48091A808882369F490E08091ED09F9
S1131B10882309F491E0992341F0C9010E94A508A2
S1131B2080E801C080688093A8085E010894A11C25
S1131B30B11C898528859927582F44273327422BA0
S1131B40532B80919008282F3327F901EE0FFF1FA4
S1131B50E050F64F808191810091EE09841795073A
S1131B6049F4F901E954F44F8081801709F468C0FD
S1131B70802F1BC0EE24FF2480E090E0A0E0BAE0B8
S1131B80E7EBFBE0BF01182F9C018D919C9111970D
S1131B908417950789F4209390089091EE09FB012E
S1131BA08081891709F44CC0892F8F5F8093EE09D7
S1131BB0808370E8E72E2AC08081902F981BE91655
S1131BC010F4E92EF22E1F5FC90101966F5F7F4F5B
S1131BD01296319685309105B1F61530B9F4F0922C
S1131BE09008AF2DBB27FD01EE0FFF1FE050F64F0D
S1131BF0518340838091EE098F5F8093EE09FD014C
S1131C00E954F44F8083AF53B44F1C929091EE0982
S1131C10892F8F778F3781F4EEE7EE1568F4E7EBC1
S1131C20FBE0292F207880818F67891320833196E8
S1131C303BE0EC3BF307B9F780919008282F33275A
S1131C40F5019281A22FBB27FD01EF53F44F808150
S1131C5080FF07C0FD01E650F64F8081981729F1F7
S1131C6002C081608083A650B64F9C93FFB6F8945F
S1131C708091F9098330B0F4E091110AE80FE33060
S1131C8008F0E350FF27EE0FFF1FEB50F84F0081E1
S1131C901181D183C0838F5F8093F90987E00E940B
S1131CA0AF04E8018F2D99278FBFD0930108C0930B
S1131CB00008C3C0892F8150833008F09CC0815034
S1131CC08230E0F43091B40B3130C1F420E08091E3
S1131CD0ED09882309F421E0222381F02F9883E081
S1131CE08093B4083093ED0980918400909185002D
S1131CF06BE273E00E94BA0582E068C0933009F099
S1131D0042C08091B40B833009F097C00E94B3089D
S1131D108823C9F128988FE88EBD0DB407FEFDCF46
S1131D208EB51EBC0DB407FEFDCF8EB5289A8091EA
S1131D30810080648093810080E286BB80916F0083
S1131D40806280936F0090919F08289888EC8EBDE4
S1131D500DB407FEFDCF8EB590669EBD0DB407FE93
S1131D60FDCF8EB5289A289882EC8EBD0DB407FE5F
S1131D70FDCF8EB586E08EBD0DB407FEFDCF8EB5CA
S1131D80289A84E023C08091F1078150823000F5C5
S1131D908091B40B8530E1F40E94B3088823C1F02C
S1131DA0289882EC8EBD0DB407FEFDCF8EB583E07E
S1131DB08EBD0DB407FEFDCF8EB5289A80916F00BD
S1131DC08F7D80936F001092FF0983E08093B40BA2
S1131DD09091F107913041F48091B40B8330B1F5C7
S1131DE02F9A9093B40B25C0923039F58091B40B9F
S1131DF0833061F51EC0973001F50E94B308882333
S1131E00E1F090919F08289888EC8EBD0DB407FEF0
S1131E10FDCF8EB590669EBD0DB407FEFDCF8EB589
S1131E20289A8091B40B853021F484E08093B40B1C
S1131E3004C088E08093F10704C08091F1078830E2
S1131E4029F41092F10785E00E94AF048091F10714
S1131E50882309F58091B40B8530D1F48091FF0972
S1131E608823B1F480918B08882391F48091A80889
S1131E70882371F490E08091ED09882309F491E0BE
S1131E80992331F00E947E098091F107882319F487
S1131E9089E00E94AF048091ED09823009F094C07A
S1131EA01092ED09F090B408F2E0FF1609F468C04E
S1131EB023E0F21609F46CC031E0F31609F084C093
S1131EC02091CA093091CB098091840090918500BA
S1131ED04091A808403829F41092A8080E947E096D
S1131EE073C0E901C81BD90B47FF03C01C161D06AC
S1131EF004F10091A5081091A60880918B0888230D
S1131F00C1F4C8010E9489099927882369F4F8015A
S1131F10EA57FF4F80818E7F8083F0928B08109365
S1131F20C00B0093BF0B28C09927182F882321F1D9
S1131F3001C015E02091A808822F99278F77019777
S1131F4059F4207822602093A80885E89BE00E9439
S1131F5030060E94A50838C027FF0AC01C161D06BB
S1131F603CF480E88093A808CE010E94A50802C032
S1131F701092A808812F09C083E08093A80824C088
S1131F8010928B081092A80880E00E94E4051CC0FF
S1131F908091B40B823019F4F092B40B13C0809189
S1131FA0F107863079F41092F107289881E88EBD04
S1131FB00DB407FEFDCF8EB51EBC0DB407FEFDCFDC
S1131FC08EB5289A0E941A108FB7F894282F3327B9
S1131FD080919E08813061F081E080939E082FBF3C
S1131FE04ECB289A85E08093B40B1092F1072ECF44
S1131FF010929E082FBFDF91CF911F910F91FF90F8
S1132000EF90DF90CF90BF90AF9008958FB7F89482
S1132010282F332780919E08815080939E08803812
S113202011F02FBF089581E080939E082FBF0E9476
S1132030350B08958FB7F894282F332780919E0885
S1132040882329F0806880939E082FBF089581E03B
S113205080939E082FBF0E94350B089578941F9299
S11320600F920FB60F9211242F933F934F935F93C8
S11320706F937F938F939F93AF93BF93EF93FF934C
S1132080E6E8F0E080819181208131818FB7F89476
S113209099273093B1082093B00821E02093FF09D9
S11320A08FBF0E941A10FF91EF91BF91AF919F9142
S11320B08F917F916F915F914F913F912F910F90ED
S11320C00FBE0F901F90189578941F920F920FB621
S11320D00F9211242F933F934F935F936F937F93AA
S11320E08F939F93AF93BF93EF93FF9380916F0070
S11320F08D7F80936F0078949FB7F8948091ED0959
S1132100813019F482E08093ED09892F99278FBFDC
S11321100E941A10FF91EF91BF91AF919F918F91FF
S11321207F916F915F914F913F912F910F900FBECF
S11321300F901F901895CF93DF93EC018FE38A875C
S11321408091F0078F5F8093F0078B83809110025A
S1132150882319F085E090E01BC0C458DF4F8881C4
S11321609981CC57D040892B21F061E0CE010E94A7
S11321709B06D093F809C093F7091092F3091092C3
S1132180F20981E0809310020E94AF0480E090E0A5
S1132190DF91CF9108958230910510F480E090E0B2
S11321A090931202809311029091FB079D3011F0DD
S11321B0973159F48091E1098D7F8093E109915021
S11321C09093FB0784E00E94AF040895AF92BF92FE
S11321D0CF92DF92EF92FF920F931F93CF93DF93EF
S11321E05B016C01C0E0D0E0E0EDF9E0608561FFE7
S11321F03AC12081318142815381E480F580068196
S11322001781D601C501821B930BA40BB50B8E1548
S11322109F05A007B10708F426C160FF03C06D7FC6
S1132220608708C02E0D3F1D401F511F208331833E
S113223042835383C13041F0C13020F0C23009F0F1
S11322401EC119C081E014C08091FB078D3011F4C8
S113225084E10BC0873111F48AE007C0823211F4A3
S113226083E203C0813219F484E28093FB0784E0A3
S11322700E94AF0404C120910E022F5F20930E022E
S1132280822F99278F719070892B09F042C0822F79
S11322908295869587708230F1F0833028F4882304
S11322A051F08130B1F510C0843019F18430E0F080
S11322B0853079F527C01092AA081092BD0B1092B0
S11322C0BC0B80E090E023C084E690E09093BD0BCB
S11322D08093BC0B1EC08FEF9FEF9093BD0B809338
S11322E0BC0B8AEF90E013C01092BD0B1092BC0B94
S11322F010C08FEF9FEF9093BD0B8093BC0B8AE0CF
S113230090E005C087E08093AA0880ED97E00E94E2
S1132310CB108091F409882309F0B1C09091AA08E8
S113232080910E028923891709F0A9C08091BC0B02
S11323309091BD0B97FD09C08230910510F480E0A7
S113234090E09093830880938208C2E0D8E0CE01A5
S11323500E949C05882369F480910308992780735F
S113236090708164986880930308892F99278093DB
S113237004088DE0809302082FB7F89433278091E6
S11323800202909103022FBF80930A08892F992794
S113239080930B082FB7F8943327809104022FBF42
S11323A09927809306081092070880EF80930D0800
S11323B08FEF80930808809309088FB7F894282F2B
S11323C0332780910F02882371F482E080930F02F7
S11323D0109207022FBFCE010E949B109927182F3D
S11323E0882399F00FC02FBFD093A208C093A108EF
S11323F08FB7F894C82FDD272C2F80910F028823E4
S113240099F406C080E00E94DF08812F992724C038
S113241081E080930F021092A00880E00E94AF0434
S1132420CFBF80E090E018C08091A3088F3F89F46B
S1132430E0910602EE2369F01DC01092050204C06B
S1132440FF27ED55F74F10821092060280E090E0CE
S113245002C085E090E02FBF892B89F4129881E0B7
S11324608093F4090CC021963996C330D10509F044
S1132470BDCE05C0809105028F3F11F7DECF83E00A
S11324800E94AF04DF91CF911F910F91FF90EF90C5
S1132490DF90CF90BF90AF9008952F923F924F92CC
S11324A05F926F927F928F929F92AF92BF92CF92E0
S11324B0DF92EF92FF920F931F93CF93DF93CDB7E9
S11324C0DEB729970FB6F894DEBF0FBECDBF182F25
S11324D0853009F4A3C2863090F4823009F402C135
S11324E0833030F4882309F1813009F09CC446C05C
S11324F0833009F42AC1843009F095C478C1883046
S113250009F490C3893038F4863009F499C28730CD
S113251009F089C400C38A3009F4E0C38A3008F49E
S11325207AC48B3009F07FC4EEC32FB7F8943327F5
S11325308091A0088093070282E080930F022FBF4E
S113254080910702882309F06EC48091A1089091BC
S1132550A2080E949B10882309F465C480E00E94AD
S1132560DF08E091A108F091A2088385803F09F07B
S11325705AC4E250F84009F056C4B0C06091F7095B
S11325807091F809FCE7EF2EF12CE60EF71EF70127
S1132590C080D18080911002823071F5C114D104C1
S11325A029F080E00E942206882311F084E01FC0F5
S11325B08091F2099091F30901969093F309809325
S11325C0F2098C159D0590F410931002F701028115
S11325D013810115110599F00E947206AB01BC012B
S11325E022273327E1E0EE2E80E06FC185E080935F
S11325F01002809110024AC0813009F047C082E085
S113260080931002E090F709F090F8098091FB079D
S11326108D3011F0873141F48091E1098D7F8093F1
S1132620E10984E00E94AF048091FB078A3021F025
S1132630863111F0873111F48EE110C08B3011F422
S11326408FE10CC08C3021F0843111F08D3011F405
S113265080E204C0853109F0DFC18DE18093FB077E
S113266010E0C7010E94B0058F5F9F4F09F011E091
S1132670112321F061E0C7010E949B06F092B60B82
S1132680E092B50B81E08093F407CDC3843008F465
S1132690CAC3CD2861F0E091F709F091F809E45834
S11326A0FF4F8091F2099091F309918380831092F6
S11326B010020091F7091091F809F80182858F330F
S11326C009F0B1C380E00E94DF08F8018385803FF0
S11326D009F0A9C30250184009F0A5C31092F409E7
S11326E0129AA1C380919D08882361F520910A0A5A
S11326F030910B0A40910C0A50910D0AEFB7F894EF
S1132700FF276091FC077091FD078091FE0790916F
S1132710FF07E090120AF090130A0091140A109136
S1132720150A6E0D7F1D801F911FEFBF20930A0AAB
S113273030930B0A40930C0A50930D0A10929D0893
S11327400E9449070E9472063FC00E9472065B0104
S11327506C018FB7F89499271092A9088FBF2FEFB7
S11327603FEF4FEF5FE760E0E0EDF9E0808581FF48
S11327701CC080819181A281B38186017501E81A10
S1132780F90A0A0B1B0BD801C701E480F580068106
S11327901781E81AF90A0A0B1B0BE216F306040761
S11327A015071CF4A801970161E0399609E0EB3E96
S11327B0F007E1F6662309F436C31216130614066D
S11327C015062CF0C601B5010E94E6102CC3209317
S11327D00A0A30930B0A40930C0A50930D0A81E0C5
S11327E080939D08C601B5010E9449071CC38091CE
S11327F0FB078A3011F08E3169F58FB7F894992769
S113280020919E082F5F20939E088FBF8091A70878
S11328108823D1F48091F1078823B1F48091B40B1B
S1132820813049F490E08091ED09882309F491E026
S1132830992351F002C0853039F083E08093F10789
S11328400E941A1085E025C00E94061084E00E94B0
S1132850AF04E9C2843111F0813029F58FB7F894BF
S1132860992720919E082F5F20939E088FBF809107
S1132870A708882349F78091F107882329F78091D5
S1132880B40B813009F381E08093F1070E941A10A0
S113289086E08093A7080E9406108091FB078F5F53
S11328A08093FB07C0C2843099F48AE08093FB07CD
S11328B084E00E94AF040E947206AB01BC01EE24C6
S11328C008EE13E020E030E082E00E945306ABC241
S11328D0833019F41092FB07A6C28C30A9F48DE062
S11328E08093FB078091110290911202892B09F4C5
S11328F09AC20E947206AB01BC0121E0E22E05E0FF
S113290010E020E030E016C08631C1F4A09011023E
S1132910B0901202A114B10479F087E18093FB070F
S1132920CC24DD240E947206AB01BC0191E0E92EA7
S11329309601850181E0C9CF8AE047C08032D1F495
S1132940E091B50BF091B60BE058FF4F0081118177
S11329500115110509F4DDC00E947206AB01BC012A
S1132960065F1F4F2227332781E0E82E81E00E9473
S11329705306CFC0813261F54091B50B5091B60B2F
S11329808FB7F894992720919E082F5F20939E0873
S11329908FBF8091A708882391F45093F109409345
S11329A0F00981E08093A7081092EF0986E00E9465
S11329B0AF040E9406101092F40782E271CF0E94C5
S11329C0061085E08093F40784E28093FB073ECFF2
S11329D0843209F028C28DE08093FB0780911102B4
S11329E090911202892B89F0A0900802B0900902FC
S11329F0CC24DD240E947206AB01BC01B1E0EB2EB5
S1132A009601850181E00E9453068091F407882392
S1132A1019F08C5F8093100281E019CF8091A70890
S1132A201092A708853011F0863021F48091FB07BD
S1132A308F5FCBCF873009F4F6C18093A708F3C129
S1132A402FB7F894332780919E088F5F80939E0858
S1132A502FBF4091A708413081F58091EF098F5F26
S1132A608093EF09863048F52091F0093091F109FF
S1132A708091A8088823C1F490E08091ED0988230F
S1132A8009F491E0992381F03093A6082093A508D6
S1132A904093A80882EC95E00E9430060E94A508A5
S1132AA01092160A83E004C085E08093160A82E03F
S1132AB08093A7080E940610B6C11092A7080E942E
S1132AC006108091160A0091F0091091F109809383
S1132AD0F4078823C1F400581F4FF80180819181C5
S1132AE000581040892B79F08091FB07833259F00C
S1132AF0C8010E948B05882361F0B80180E00E9420
S1132B002206882331F08091E1098D7F8093E109C9
S1132B105BCF81E25ACF8FB7F894282F3327809167
S1132B20F909882309F47EC1E091110AFF27EE0F09
S1132B30FF1FEB50F84F808091802FBF8091FB07DF
S1132B40843121F48DE08093FB0702C08D30B9F409
S1132B508091110290911202892B89F0A0900802B1
S1132B60B0900902CC24DD240E947206AB01BC01A2
S1132B70E1E0EE2E9601850181E00E945306F40106
S1132B8082858F33E9F41385C4010E94B005AC013A
S1132B908FB7F894992720910202309103028FBFD6
S1132BA04217530719F04F5F5F4F01F5103FF1F4DF
S1132BB08FB7F894992722B132E0232722B915C0A0
S1132BC0C4010E94B005AC018FB7F89499272091F5
S1132BD00202309103028FBF4217530719F04F5F6F
S1132BE05F4F21F48FB7F89499278FBF9FB7F8945C
S1132BF08091110AE82FFF27EE0FFF1FEB50F84FCB
S1132C00918280828F5F8093110A833010F010923A
S1132C10110A8091F90981508093F909892F992724
S1132C208FBF79CF1FB71983F8942090AB083090E9
S1132C30AC084090AD085090AE08662477248824F0
S1132C402EE4A22E93E8B92ECC24DD24EE24FF2416
S1132C5000E010E0222D332D442D552D662D772DC7
S1132C60882D90E00E94DF182A833B834C835D8388
S1132C706E837F8388879987822E932EA42EB52E08
S1132C802401350100E20E94DD19A22EB32EC42EC8
S1132C90D52EA301920156954795379527952A0D70
S1132CA03B1D4C1D5D1D57FF05C05F772F5F3F4FD8
S1132CB04F4F5F4F2093AB083093AC084093AD085F
S1132CC05093AE086981862F99278FBF8FB7F894E8
S1132CD099273093F6092093F50913C08FB7F89418
S1132CE099271092EC091092EB091092B30B1092F1
S1132CF0B20B1092F3071092F2071092C9091092C6
S1132D00C8098FBF90C02FB7F89433278091B308B8
S1132D1080930C0282E0809313022FBF80910C02F7
S1132D20882309F080C0209A289A8091B40B8823C4
S1132D3009F075C08EEF91E0019701960197E1F7D4
S1132D4016982F9886E090E0019701960197E1F795
S1132D50169A289883EC8EBD0DB407FEFDCF8EB570
S1132D601EBC0DB407FEFDCF8EB5289A289882ECC0
S1132D708EBD0DB407FEFDCF8EB588E08EBD0DB4BB
S1132D8007FEFDCF8EB5289A8EEF91E0019701964C
S1132D900197E1F728988EEC8EBD0DB407FEFDCFA8
S1132DA08EB58DE48EBD0DB407FEFDCF8EB5289A89
S1132DB0289889EC8EBD0DB407FEFDCF8EB587EC47
S1132DC08EBD0DB407FEFDCF8EB5289A289885ECEC
S1132DD08EBD0DB407FEFDCF8EB580E88EBD0DB45B
S1132DE007FEFDCF8EB5289A10923E098BE08093A2
S1132DF09F08289888EC8EBD0DB407FEFDCF8EB5D4
S1132E008BE68EBD0DB407FEFDCF8EB5289A2F9AA2
S1132E1081E08093B40B80E00E94280904C00E94E2
S1132E201A1001C02FBF29960FB6F894DEBF0FBE4B
S1132E30CDBFDF91CF911F910F91FF90EF90DF9065
S1132E40CF90BF90AF909F908F907F906F905F9046
S1132E504F903F902F90089580910E0A8F3FB1F0CC
S1132E60282F3327F901EF56F74F808180930E0AFC
S1132E708F3F11F48093BE0B8FEF80832F3F31F08F
S1132E80822F0E944D1281E090E0089580E090E04E
S1132E9008951F931FB7F89414BE88E10FB6F894F1
S1132EA080936000109260000FBE4CE050E06FEF22
S1132EB070E081E998E00E94D31A8FEF80930E0AA4
S1132EC08093BE0B56985E9854985C9880916F00DE
S1132ED08F7D80936F00209A289A279A2F980E9AB4
S1132EE0169A85EB98E0909301088093000810925D
S1132EF0AF088AE58093A40881E08093810080E292
S1132F008093B60083E08093B10080918400909117
S1132F1085004AE7209184003091850028173907FD
S1132F2008F44150442311F0C901F4CF9091B20048
S1132F308091B2008917E1F32091840030918500DB
S1132F409091B2008091B2008917E1F380918400DE
S1132F5090918500821B930B4096A5E096958795EA
S1132F60AA95E1F79093100A80930F0A1092B1008A
S1132F708091B10080938100809181008093B6009C
S1132F801092B20010928500109284008FEF87BBDC
S1132F9087B386BB8091B6008571E1F70A9A099AD6
S1132FA0089A129A119A109A18B88FEF87B90C9848
S1132FB01498109285001092840080916F008160B3
S1132FC080936F0080918100887F8260809381006C
S1132FD00E942C178823E1F78FEF8093B20880E0DA
S1132FE00E940D0520910002309101022F5F3F4F96
S1132FF0C901AA27BB278093AB089093AC08A09380
S1133000AD08B093AE0887E19AE09093F6078093F9
S1133010F50780EA9AE09093F8078093F70789E22E
S11330209BE09093FA078093F9078091B600806241
S11330308093B6008091B60081FDFCCF82E080933E
S1133040B0008091B60080FDFCCF83E08093B10096
S11330508091B60083FDFCCF86EE8093B30080910F
S113306070008260809370000E94BD068FEF9FEF16
S11330709093010A8093000A9093030A8093020AB2
S11330809093050A8093040A9093070A8093060A92
S11330909093090A8093080A809100028295807FA8
S11330A08093F0078FEF8093A3080E942C17882346
S11330B0E1F7812F99278FBF78948091FB078430A3
S11330C039F0882329F484E08093FB070E94AF043D
S11330D08FB7F894482F552757C0809170009927CF
S11330E083709070892B19F4E5E0F0E014C08091AE
S11330F0B6008A71E1F78091B3009091B200891B08
S11331008C3038F08091B200853F18F4E3E0F0E0B1
S113311002C0E2E0F0E080916E00867009F58091D3
S11331206F008E72E9F4809171008E72C9F40CB450
S113313007FC16C08091C100887191F48091C90088
S1133140887171F48091BC0082FD0AC080917A007C
S113315087FF03C081E090E005C085E090E002C0F5
S113316080E090E023B78E1708F4E82FFF27E4539C
S1133170FF4FE491207F2160E22BE3BF7894889590
S1133180F89483B78E7F83BF80910E0A8F3F09F432
S1133190A4CF282F3327F901EF56F74F808180936E
S11331A00E0A8F3F11F48093BE0B8FEF80832F3F65
S11331B009F493CF4FBF822F0E944D1289CFACE206
S11331C0B0E0E5EEF8E10C94931A222E332E442E4F
S11331D0552E662E772E882E992EFE013196A8E064
S11331E01192AA95E9F729823A824B825C826D8218
S11331F07E828F829886FE013996B8E01192BA9544
S1133200E9F7A986BA86CB86DC86ED86FE860F872B
S1133210188B89819A81AB81BC8189A79AA7ABA7B6
S1133220BCA77C018D018FEF9FEFA0E0B0E0E82206
S1133230F9220A231B2389A59AA5ABA5BCA51D01C8
S11332404424552489859A85AB85BC858DA39EA38A
S1133250AFA3B8A75C016D018FEF9FEFA0E0B0E0D2
S1133260A822B922CA22DB228DA19EA1AFA1B8A5B2
S11332703D0188249924C801B701A60195010E9443
S1133280741A69A37AA38BA39CA3C801B701A401F0
S113329093010E94741A7B018C01C201B101A60141
S11332A095010E94741A5B016C01C201B101A40171
S11332B093010E94741A3B014C01EA0CFB1C0C1D87
S11332C01D1D89A19AA1ABA1BCA19D01442755272D
S11332D02E0D3F1D401F511F2A153B054C055D0552
S11332E040F480E090E0A1E0B0E0680E791E8A1E10
S11332F09B1ECA01AA27BB27860D971DA81DB91DB1
S11333008D8F9E8FAF8FB8A3A9013327222789A160
S11333109AA1ABA1BCA1A070B070280F391F4A1F9D
S11333205B1F298F3A8F4B8F5C8FA98CBA8CCB8C07
S1133330DC8CED8CFE8C0F8D18A1FE01719698E04B
S113334011929A95E9F7ED8AFE8A0F8B188F2D81D9
S11333503E814F8158856DA17EA18FA198A50E94C1
S1133360741A3B014C012D853E854F85588969A50A
S11333707AA58BA59CA50E94741A2D893E894F8934
S1133380588D260F371F481F591F260D371D481DFE
S1133390591D2D8B3E8B4F8B588F6D887E888F885F
S11333A0988C2A2D3B2D4C2D5D2D662D772D882D47
S11333B0992DE2E1AC960C94AF1AA0E1B0E0E3EEF3
S11333C0F9E10C94931A222E332E442E552E662E98
S11333D0772E882E992E002309F466C088E0FE011A
S11333E0319611928A95E9F729833A834B835C835A
S11333F06D837E838F829887E0E2E01B1E16CCF5F6
S11334002D813E814F815885602F772767FD709508
S1133410DA01C901062E04C0B695A795979587953C
S11334200A94D2F78D879E87AF87B88B04C0220F8A
S1133430331F441F551FEA95D2F789819A81AB81C6
S1133440BC8104C0B695A795979587956A95D2F7E0
S1133450282B392B4A2B5B2B29873A874B875C8790
S113346029843A844B845C846D847E848F84988818
S11334701BC01D861E861F86188A2E2F332727FD04
S11334803095309521953F4F8D819E81AF81B885D0
S113349004C0B695A795979587952A95D2F78987FD
S11334A09A87AB87BC87DCCF222D332D442D552D35
S11334B0662D772D882D992DE2E160960C94AF1A34
S11334C0AA1BBB1B51E107C0AA1FBB1FA617B70746
S11334D010F0A61BB70B881F991F5A95A9F7809562
S11334E09095BC01CD010895629FD001739FF001B6
S11334F0829FE00DF11D649FE00DF11D929FF00D80
S1133500839FF00D749FF00D659FF00D9927729FB6
S1133510B00DE11DF91F639FB00DE11DF91FBD0141
S1133520CF01112408952F923F924F925F926F9290
S11335307F928F929F92AF92BF92CF92DF92EF923F
S1133540FF920F931F93CF93DF93CDB7DEB7CA1BC0
S1133550DB0B0FB6F894DEBF0FBECDBF09942A88EB
S1133560398848885F846E847D848C849B84AA8493
S1133570B984C884DF80EE80FD800C811B81AA8120
S1133580B981CE0FD11D0FB6F894DEBF0FBECDBFEB
S1133590ED010895FB01DC0102C001900D92415040
S11335A05040D8F70895DC0101C06D93415050405C
S10935B0E0F70895FFCFCF
S11135B60100010022FFFFFF6400FFFFFF0081
S9030000FC
